Component: ARM Compiler 5.06 update 6 (build 750) Tool: armlink [4d35ed]

==============================================================================

Section Cross References

    main.o(i.main) refers to system_stm32f4xx.o(i.SystemCoreClockUpdate) for SystemCoreClockUpdate
    main.o(i.main) refers to misc.o(i.NVIC_PriorityGroupConfig) for NVIC_PriorityGroupConfig
    main.o(i.main) refers to delay.o(i.Delay_Init) for Delay_Init
    main.o(i.main) refers to board_keys.o(i.BoardKeys_Init) for BoardKeys_Init
    main.o(i.main) refers to usart.o(i.Usart1_Init) for Usart1_Init
    main.o(i.main) refers to usart.o(i.Usart3_Init) for Usart3_Init
    main.o(i.main) refers to usart.o(i.Usart1_SendString) for Usart1_SendString
    main.o(i.main) refers to ptz_control.o(i.Ptz_Init) for Ptz_Init
    main.o(i.main) refers to servo_pwm.o(i.Servo_Init) for Servo_Init
    main.o(i.main) refers to usart.o(i.Usart3_SendString) for Usart3_SendString
    main.o(i.main) refers to delay.o(i.Delay_ms) for Delay_ms
    main.o(i.main) refers to tasks.o(i.xTaskCreate) for xTaskCreate
    main.o(i.main) refers to tasks.o(i.vTaskStartScheduler) for vTaskStartScheduler
    main.o(i.main) refers to main.o(.data) for .data
    main.o(i.main) refers to main.o(i.task_ptz) for task_ptz
    main.o(i.task_ptz) refers to ptz_control.o(i.Ptz_PollKeysAndUart) for Ptz_PollKeysAndUart
    main.o(i.task_ptz) refers to tasks.o(i.vTaskDelay) for vTaskDelay
    ptz_control.o(i.Ptz_ApplyHome) refers to servo_pwm.o(i.Servo_SetAngleDegCh) for Servo_SetAngleDegCh
    ptz_control.o(i.Ptz_ApplyHome) refers to ptz_control.o(.data) for .data
    ptz_control.o(i.Ptz_Init) refers to queue.o(i.xQueueGenericCreate) for xQueueGenericCreate
    ptz_control.o(i.Ptz_Init) refers to ptz_control.o(.data) for .data
    ptz_control.o(i.Ptz_PollKeysAndUart) refers to ptz_control.o(i.ptz_uiq_drain) for ptz_uiq_drain
    ptz_control.o(i.Ptz_PollKeysAndUart) refers to tasks.o(i.xTaskGetTickCount) for xTaskGetTickCount
    ptz_control.o(i.Ptz_PollKeysAndUart) refers to ptz_control.o(i.Ptz_StepHorizontal) for Ptz_StepHorizontal
    ptz_control.o(i.Ptz_PollKeysAndUart) refers to ptz_control.o(i.Ptz_StepVertical) for Ptz_StepVertical
    ptz_control.o(i.Ptz_PollKeysAndUart) refers to board_keys.o(i.BoardKeys_Poll1ms) for BoardKeys_Poll1ms
    ptz_control.o(i.Ptz_PollKeysAndUart) refers to ptz_control.o(i.Ptz_UiPost) for Ptz_UiPost
    ptz_control.o(i.Ptz_PollKeysAndUart) refers to usart.o(i.Usart1_SendString) for Usart1_SendString
    ptz_control.o(i.Ptz_PollKeysAndUart) refers to memcpya.o(.text) for __aeabi_memcpy
    ptz_control.o(i.Ptz_PollKeysAndUart) refers to memseta.o(.text) for __aeabi_memclr
    ptz_control.o(i.Ptz_PollKeysAndUart) refers to ptz_control.o(i.process_usart1_ptz) for process_usart1_ptz
    ptz_control.o(i.Ptz_PollKeysAndUart) refers to ptz_control.o(.data) for .data
    ptz_control.o(i.Ptz_PollKeysAndUart) refers to usart.o(.data) for g_flag_usart1
    ptz_control.o(i.Ptz_PollKeysAndUart) refers to usart.o(.bss) for g_rx_buffer_usart1
    ptz_control.o(i.Ptz_PollKeysAndUart) refers to ptz_control.o(.bss) for .bss
    ptz_control.o(i.Ptz_StepHorizontal) refers to ptz_control.o(i.apply_deg_step) for apply_deg_step
    ptz_control.o(i.Ptz_StepHorizontal) refers to servo_pwm.o(i.Servo_SetAngleDegCh) for Servo_SetAngleDegCh
    ptz_control.o(i.Ptz_StepHorizontal) refers to ptz_control.o(.data) for .data
    ptz_control.o(i.Ptz_StepVertical) refers to ptz_control.o(i.apply_deg_step) for apply_deg_step
    ptz_control.o(i.Ptz_StepVertical) refers to servo_pwm.o(i.Servo_SetAngleDegCh) for Servo_SetAngleDegCh
    ptz_control.o(i.Ptz_StepVertical) refers to ptz_control.o(.data) for .data
    ptz_control.o(i.Ptz_UiClearHold) refers to ptz_control.o(.data) for .data
    ptz_control.o(i.Ptz_UiPost) refers to queue.o(i.xQueueGenericSend) for xQueueGenericSend
    ptz_control.o(i.Ptz_UiPost) refers to ptz_control.o(.data) for .data
    ptz_control.o(i.Ptz_UiSetHold) refers to tasks.o(i.xTaskGetTickCount) for xTaskGetTickCount
    ptz_control.o(i.Ptz_UiSetHold) refers to ptz_control.o(.data) for .data
    ptz_control.o(i.process_usart1_ptz) refers to servo_pwm.o(i.Servo_SetAngleDegCh) for Servo_SetAngleDegCh
    ptz_control.o(i.process_usart1_ptz) refers to usart.o(i.Usart1_SendString) for Usart1_SendString
    ptz_control.o(i.process_usart1_ptz) refers to ptz_control.o(i.apply_deg_step) for apply_deg_step
    ptz_control.o(i.ptz_uiq_drain) refers to queue.o(i.xQueueGenericReceive) for xQueueGenericReceive
    ptz_control.o(i.ptz_uiq_drain) refers to ptz_control.o(i.Ptz_ApplyHome) for Ptz_ApplyHome
    ptz_control.o(i.ptz_uiq_drain) refers to ptz_control.o(i.Ptz_StepHorizontal) for Ptz_StepHorizontal
    ptz_control.o(i.ptz_uiq_drain) refers to ptz_control.o(i.Ptz_StepVertical) for Ptz_StepVertical
    ptz_control.o(i.ptz_uiq_drain) refers to ptz_control.o(.data) for .data
    delay.o(i.Delay_Init) refers to system_stm32f4xx.o(.data) for SystemCoreClock
[...]
    Removing stm32f4xx_tim.o(i.TIM_OC1Init), (96 bytes).
    Removing stm32f4xx_tim.o(i.TIM_OC1NPolarityConfig), (12 bytes).
    Removing stm32f4xx_tim.o(i.TIM_OC1PolarityConfig), (12 bytes).
    Removing stm32f4xx_tim.o(i.TIM_OC1PreloadConfig), (12 bytes).
    Removing stm32f4xx_tim.o(i.TIM_OC2FastConfig), (20 bytes).
    Removing stm32f4xx_tim.o(i.TIM_OC2Init), (128 bytes).
    Removing stm32f4xx_tim.o(i.TIM_OC2NPolarityConfig), (20 bytes).
    Removing stm32f4xx_tim.o(i.TIM_OC2PolarityConfig), (20 bytes).
    Removing stm32f4xx_tim.o(i.TIM_OC2PreloadConfig), (20 bytes).
    Removing stm32f4xx_tim.o(i.TIM_OC3FastConfig), (12 bytes).
    Removing stm32f4xx_tim.o(i.TIM_OC3Init), (124 bytes).
    Removing stm32f4xx_tim.o(i.TIM_OC3NPolarityConfig), (20 bytes).
    Removing stm32f4xx_tim.o(i.TIM_OC3PolarityConfig), (20 bytes).
    Removing stm32f4xx_tim.o(i.TIM_OC3PreloadConfig), (12 bytes).
    Removing stm32f4xx_tim.o(i.TIM_OC4FastConfig), (20 bytes).
    Removing stm32f4xx_tim.o(i.TIM_OC4Init), (96 bytes).
    Removing stm32f4xx_tim.o(i.TIM_OC4PolarityConfig), (20 bytes).
    Removing stm32f4xx_tim.o(i.TIM_OC4PreloadConfig), (20 bytes).
    Removing stm32f4xx_tim.o(i.TIM_OCStructInit), (20 bytes).
    Removing stm32f4xx_tim.o(i.TIM_PWMIConfig), (108 bytes).
    Removing stm32f4xx_tim.o(i.TIM_PrescalerConfig), (6 bytes).
    Removing stm32f4xx_tim.o(i.TIM_RemapConfig), (6 bytes).
    Removing stm32f4xx_tim.o(i.TIM_SelectCCDMA), (20 bytes).
    Removing stm32f4xx_tim.o(i.TIM_SelectCOM), (20 bytes).
    Removing stm32f4xx_tim.o(i.TIM_SelectHallSensor), (20 bytes).
    Removing stm32f4xx_tim.o(i.TIM_SelectInputTrigger), (12 bytes).
    Removing stm32f4xx_tim.o(i.TIM_SelectMasterSlaveMode), (16 bytes).
    Removing stm32f4xx_tim.o(i.TIM_SelectOCxM), (74 bytes).
    Removing stm32f4xx_tim.o(i.TIM_SelectOnePulseMode), (16 bytes).
    Removing stm32f4xx_tim.o(i.TIM_SelectOutputTrigger), (16 bytes).
    Removing stm32f4xx_tim.o(i.TIM_SelectSlaveMode), (16 bytes).
    Removing stm32f4xx_tim.o(i.TIM_SetAutoreload), (4 bytes).
    Removing stm32f4xx_tim.o(i.TIM_SetClockDivision), (16 bytes).
    Removing stm32f4xx_tim.o(i.TIM_SetCompare1), (4 bytes).
    Removing stm32f4xx_tim.o(i.TIM_SetCompare2), (4 bytes).
    Removing stm32f4xx_tim.o(i.TIM_SetCompare3), (4 bytes).
    Removing stm32f4xx_tim.o(i.TIM_SetCompare4), (4 bytes).
    Removing stm32f4xx_tim.o(i.TIM_SetCounter), (4 bytes).
    Removing stm32f4xx_tim.o(i.TIM_SetIC1Prescaler), (16 bytes).
    Removing stm32f4xx_tim.o(i.TIM_SetIC2Prescaler), (24 bytes).
    Removing stm32f4xx_tim.o(i.TIM_SetIC3Prescaler), (16 bytes).
    Removing stm32f4xx_tim.o(i.TIM_SetIC4Prescaler), (24 bytes).
    Removing stm32f4xx_tim.o(i.TIM_TIxExternalClockConfig), (46 bytes).
    Removing stm32f4xx_tim.o(i.TIM_TimeBaseInit), (124 bytes).
    Removing stm32f4xx_tim.o(i.TIM_TimeBaseStructInit), (18 bytes).
    Removing stm32f4xx_tim.o(i.TIM_UpdateDisableConfig), (20 bytes).
    Removing stm32f4xx_tim.o(i.TIM_UpdateRequestConfig), (20 bytes).
    Removing stm32f4xx_usart.o(.rev16_text), (4 bytes).
    Removing stm32f4xx_usart.o(.revsh_text), (4 bytes).
    Removing stm32f4xx_usart.o(i.USART_ClearFlag), (6 bytes).
    Removing stm32f4xx_usart.o(i.USART_ClockInit), (28 bytes).
    Removing stm32f4xx_usart.o(i.USART_ClockStructInit), (12 bytes).
    Removing stm32f4xx_usart.o(i.USART_DMACmd), (16 bytes).
    Removing stm32f4xx_usart.o(i.USART_DeInit), (172 bytes).
    Removing stm32f4xx_usart.o(i.USART_HalfDuplexCmd), (20 bytes).
    Removing stm32f4xx_usart.o(i.USART_IrDACmd), (20 bytes).
    Removing stm32f4xx_usart.o(i.USART_IrDAConfig), (16 bytes).
    Removing stm32f4xx_usart.o(i.USART_LINBreakDetectLengthConfig), (16 bytes).
    Removing stm32f4xx_usart.o(i.USART_LINCmd), (20 bytes).
    Removing stm32f4xx_usart.o(i.USART_OneBitMethodCmd), (20 bytes).
    Removing stm32f4xx_usart.o(i.USART_OverSampling8Cmd), (20 bytes).
    Removing stm32f4xx_usart.o(i.USART_ReceiverWakeUpCmd), (20 bytes).
    Removing stm32f4xx_usart.o(i.USART_SendBreak), (10 bytes).
    Removing stm32f4xx_usart.o(i.USART_SetAddress), (16 bytes).
    Removing stm32f4xx_usart.o(i.USART_SetGuardTime), (16 bytes).
    Removing stm32f4xx_usart.o(i.USART_SetPrescaler), (16 bytes).
    Removing stm32f4xx_usart.o(i.USART_SmartCardCmd), (20 bytes).
    Removing stm32f4xx_usart.o(i.USART_SmartCardNACKCmd), (20 bytes).
    Removing stm32f4xx_usart.o(i.USART_StructInit), (22 bytes).
    Removing stm32f4xx_usart.o(i.USART_WakeUpConfig), (16 bytes).
    Removing stm32f4xx_wwdg.o(.rev16_text), (4 bytes).
    Removing stm32f4xx_wwdg.o(.revsh_text), (4 bytes).
    Removing stm32f4xx_wwdg.o(i.WWDG_ClearFlag), (12 bytes).
    Removing stm32f4xx_wwdg.o(i.WWDG_DeInit), (24 bytes).
    Removing stm32f4xx_wwdg.o(i.WWDG_Enable), (16 bytes).
    Removing stm32f4xx_wwdg.o(i.WWDG_EnableIT), (16 bytes).
    Removing stm32f4xx_wwdg.o(i.WWDG_GetFlagStatus), (20 bytes).
    Removing stm32f4xx_wwdg.o(i.WWDG_SetCounter), (16 bytes).
    Removing stm32f4xx_wwdg.o(i.WWDG_SetPrescaler), (20 bytes).
    Removing stm32f4xx_wwdg.o(i.WWDG_SetWindowValue), (28 bytes).
    Removing sys.o(.rev16_text), (4 bytes).
    Removing sys.o(.revsh_text), (4 bytes).
    Removing sys.o(.emb_text), (16 bytes).
    Removing startup_stm32f40_41xxx.o(HEAP), (512 bytes).
    Removing stm32f4xx_it.o(.rev16_text), (4 bytes).
    Removing stm32f4xx_it.o(.revsh_text), (4 bytes).
    Removing system_stm32f4xx.o(.rev16_text), (4 bytes).
    Removing system_stm32f4xx.o(.revsh_text), (4 bytes).
    Removing tasks.o(i.pcTaskGetName), (32 bytes).
    Removing tasks.o(i.prvTaskIsTaskSuspended), (52 bytes).
    Removing tasks.o(i.ulTaskNotifyTake), (104 bytes).
    Removing tasks.o(i.uxTaskGetNumberOfTasks), (12 bytes).
    Removing tasks.o(i.uxTaskPriorityGet), (28 bytes).
    Removing tasks.o(i.uxTaskPriorityGetFromISR), (44 bytes).
    Removing tasks.o(i.uxTaskResetEventItemValue), (24 bytes).
    Removing tasks.o(i.vTaskDelayUntil), (144 bytes).
    Removing tasks.o(i.vTaskDelete), (172 bytes).
    Removing tasks.o(i.vTaskEndScheduler), (28 bytes).
    Removing tasks.o(i.vTaskNotifyGiveFromISR), (184 bytes).
    Removing tasks.o(i.vTaskPlaceOnUnorderedEventList), (76 bytes).
    Removing tasks.o(i.vTaskPrioritySet), (196 bytes).
    Removing tasks.o(i.vTaskResume), (124 bytes).
    Removing tasks.o(i.vTaskSuspend), (176 bytes).
    Removing tasks.o(i.xTaskGenericNotify), (204 bytes).
    Removing tasks.o(i.xTaskGenericNotifyFromISR), (240 bytes).
    Removing tasks.o(i.xTaskGetCurrentTaskHandle), (12 bytes).
    Removing tasks.o(i.xTaskGetTickCountFromISR), (16 bytes).
    Removing tasks.o(i.xTaskNotifyStateClear), (48 bytes).
    Removing tasks.o(i.xTaskNotifyWait), (140 bytes).
    Removing tasks.o(i.xTaskRemoveFromUnorderedEventList), (120 bytes).
    Removing tasks.o(i.xTaskResumeFromISR), (136 bytes).
    Removing queue.o(i.pcQueueGetName), (40 bytes).
    Removing queue.o(i.uxQueueMessagesWaiting), (36 bytes).
    Removing queue.o(i.uxQueueMessagesWaitingFromISR), (22 bytes).
    Removing queue.o(i.uxQueueSpacesAvailable), (40 bytes).
    Removing queue.o(i.vQueueAddToRegistry), (36 bytes).
    Removing queue.o(i.vQueueDelete), (36 bytes).
    Removing queue.o(i.vQueueUnregisterQueue), (40 bytes).
    Removing queue.o(i.xQueueCreateCountingSemaphore), (58 bytes).
    Removing queue.o(i.xQueueCreateMutex), (36 bytes).
    Removing queue.o(i.xQueueGenericSendFromISR), (188 bytes).
    Removing queue.o(i.xQueueGiveFromISR), (156 bytes).
    Removing queue.o(i.xQueueGiveMutexRecursive), (62 bytes).
    Removing queue.o(i.xQueueIsQueueEmptyFromISR), (30 bytes).
    Removing queue.o(i.xQueueIsQueueFullFromISR), (34 bytes).
    Removing queue.o(i.xQueuePeekFromISR), (116 bytes).
    Removing queue.o(i.xQueueReceiveFromISR), (154 bytes).
    Removing queue.o(i.xQueueTakeMutexRecursive), (68 bytes).
    Removing queue.o(.bss), (64 bytes).
    Removing heap_4.o(i.vPortInitialiseBlocks), (2 bytes).
    Removing heap_4.o(i.xPortGetFreeHeapSize), (12 bytes).
    Removing heap_4.o(i.xPortGetMinimumEverFreeHeapSize), (12 bytes).
    Removing port.o(i.vPortEndScheduler), (32 bytes).
    Removing port.o(i.vPortValidateInterruptPriority), (84 bytes).

806 unused section(s) (total 30803 bytes) removed from the image.

==============================================================================

Image Symbol Table

    Local Symbols

    Symbol Name                              Value     Ov Type        Size  Object(Section)

    ../clib/microlib/init/entry.s            0x00000000   Number         0  entry.o ABSOLUTE
    ../clib/microlib/init/entry.s            0x00000000   Number         0  entry7b.o ABSOLUTE
    ../clib/microlib/init/entry.s            0x00000000   Number         0  entry11a.o ABSOLUTE
    ../clib/microlib/init/entry.s            0x00000000   Number         0  entry10b.o ABSOLUTE
    ../clib/microlib/init/entry.s            0x00000000   Number         0  entry8a.o ABSOLUTE
    ../clib/microlib/init/entry.s            0x00000000   Number         0  entry9a.o ABSOLUTE
    ../clib/microlib/init/entry.s            0x00000000   Number         0  entry9b.o ABSOLUTE
    ../clib/microlib/init/entry.s            0x00000000   Number         0  entry10a.o ABSOLUTE
    ../clib/microlib/init/entry.s            0x00000000   Number         0  entry7a.o ABSOLUTE
    ../clib/microlib/init/entry.s            0x00000000   Number         0  entry2.o ABSOLUTE
    ../clib/microlib/init/entry.s            0x00000000   Number         0  entry8b.o ABSOLUTE
    ../clib/microlib/init/entry.s            0x00000000   Number         0  entry11b.o ABSOLUTE
    ../clib/microlib/init/entry.s            0x00000000   Number         0  entry5.o ABSOLUTE
    ../clib/microlib/string/memcpy.c         0x00000000   Number         0  memcpyb.o ABSOLUTE
    ../clib/microlib/string/memcpy.c         0x00000000   Number         0  memcpya.o ABSOLUTE
    ../clib/microlib/string/memset.c         0x00000000   Number         0  memseta.o ABSOLUTE
    CODE\\app\\main.c                        0x00000000   Number         0  main.o ABSOLUTE
    CODE\\app\\ptz_control.c                 0x00000000   Number         0  ptz_control.o ABSOLUTE
    CODE\\comm\\i2c1_master.c                0x00000000   Number         0  i2c1_master.o ABSOLUTE
    CODE\\comm\\usart.c                      0x00000000   Number         0  usart.o ABSOLUTE
    CODE\\misc\\Delay.c                      0x00000000   Number         0  delay.o ABSOLUTE
    CODE\\misc\\board_keys.c                 0x00000000   Number         0  board_keys.o ABSOLUTE
    CODE\\misc\\servo_pwm.c                  0x00000000   Number         0  servo_pwm.o ABSOLUTE
    CODE\\timer_pwm\\pwm.c                   0x00000000   Number         0  pwm.o ABSOLUTE
    CODE\\timer_pwm\\tim1.c                  0x00000000   Number         0  tim1.o ABSOLUTE
    CODE\\timer_pwm\\tim2.c                  0x00000000   Number         0  tim2.o ABSOLUTE
    CODE\\timer_pwm\\tim3.c                  0x00000000   Number         0  tim3.o ABSOLUTE
    CODE\app\main.c                          0x00000000   Number         0  main.o ABSOLUTE
    CODE\app\ptz_control.c                   0x00000000   Number         0  ptz_control.o ABSOLUTE
    CODE\comm\i2c1_master.c                  0x00000000   Number         0  i2c1_master.o ABSOLUTE
    CODE\comm\usart.c                        0x00000000   Number         0  usart.o ABSOLUTE
    CODE\misc\Delay.c                        0x00000000   Number         0  delay.o ABSOLUTE
    CODE\misc\board_keys.c                   0x00000000   Number         0  board_keys.o ABSOLUTE
    CODE\misc\servo_pwm.c                    0x00000000   Number         0  servo_pwm.o ABSOLUTE
    CODE\timer_pwm\pwm.c                     0x00000000   Number         0  pwm.o ABSOLUTE
    CODE\timer_pwm\tim1.c                    0x00000000   Number         0  tim1.o ABSOLUTE
    CODE\timer_pwm\tim2.c                    0x00000000   Number         0  tim2.o ABSOLUTE
    CODE\timer_pwm\tim3.c                    0x00000000   Number         0  tim3.o ABSOLUTE
    CORECODE\\stm32f4xx_it.c                 0x00000000   Number         0  stm32f4xx_it.o ABSOLUTE
    CORECODE\\system_stm32f4xx.c             0x00000000   Number         0  system_stm32f4xx.o ABSOLUTE
    CORECODE\startup_stm32f40_41xxx.s        0x00000000   Number         0  startup_stm32f40_41xxx.o ABSOLUTE
    CORECODE\stm32f4xx_it.c                  0x00000000   Number         0  stm32f4xx_it.o ABSOLUTE
    CORECODE\system_stm32f4xx.c              0x00000000   Number         0  system_stm32f4xx.o ABSOLUTE
    FWLIB\\misc.c                            0x00000000   Number         0  misc.o ABSOLUTE
    FWLIB\\stm32f4xx_adc.c                   0x00000000   Number         0  stm32f4xx_adc.o ABSOLUTE
    FWLIB\\stm32f4xx_can.c                   0x00000000   Number         0  stm32f4xx_can.o ABSOLUTE
    FWLIB\\stm32f4xx_crc.c                   0x00000000   Number         0  stm32f4xx_crc.o ABSOLUTE
    FWLIB\\stm32f4xx_cryp.c                  0x00000000   Number         0  stm32f4xx_cryp.o ABSOLUTE
    FWLIB\\stm32f4xx_cryp_aes.c              0x00000000   Number         0  stm32f4xx_cryp_aes.o ABSOLUTE
    FWLIB\\stm32f4xx_cryp_des.c              0x00000000   Number         0  stm32f4xx_cryp_des.o ABSOLUTE
    FWLIB\\stm32f4xx_cryp_tdes.c             0x00000000   Number         0  stm32f4xx_cryp_tdes.o ABSOLUTE
    FWLIB\\stm32f4xx_dac.c                   0x00000000   Number         0  stm32f4xx_dac.o ABSOLUTE
    FWLIB\\stm32f4xx_dbgmcu.c                0x00000000   Number         0  stm32f4xx_dbgmcu.o ABSOLUTE
    FWLIB\\stm32f4xx_dcmi.c                  0x00000000   Number         0  stm32f4xx_dcmi.o ABSOLUTE
    FWLIB\\stm32f4xx_dma.c                   0x00000000   Number         0  stm32f4xx_dma.o ABSOLUTE
    FWLIB\\stm32f4xx_dma2d.c                 0x00000000   Number         0  stm32f4xx_dma2d.o ABSOLUTE
    FWLIB\\stm32f4xx_exti.c                  0x00000000   Number         0  stm32f4xx_exti.o ABSOLUTE
    FWLIB\\stm32f4xx_flash.c                 0x00000000   Number         0  stm32f4xx_flash.o ABSOLUTE
    FWLIB\\stm32f4xx_flash_ramfunc.c         0x00000000   Number         0  stm32f4xx_flash_ramfunc.o ABSOLUTE
    FWLIB\\stm32f4xx_gpio.c                  0x00000000   Number         0  stm32f4xx_gpio.o ABSOLUTE
    FWLIB\\stm32f4xx_hash.c                  0x00000000   Number         0  stm32f4xx_hash.o ABSOLUTE
    FWLIB\\stm32f4xx_hash_md5.c              0x00000000   Number         0  stm32f4xx_hash_md5.o ABSOLUTE
    FWLIB\\stm32f4xx_hash_sha1.c             0x00000000   Number         0  stm32f4xx_hash_sha1.o ABSOLUTE
    FWLIB\\stm32f4xx_i2c.c                   0x00000000   Number         0  stm32f4xx_i2c.o ABSOLUTE
    FWLIB\\stm32f4xx_iwdg.c                  0x00000000   Number         0  stm32f4xx_iwdg.o ABSOLUTE
    FWLIB\\stm32f4xx_ltdc.c                  0x00000000   Number         0  stm32f4xx_ltdc.o ABSOLUTE
    FWLIB\\stm32f4xx_pwr.c                   0x00000000   Number         0  stm32f4xx_pwr.o ABSOLUTE
    FWLIB\\stm32f4xx_rcc.c                   0x00000000   Number         0  stm32f4xx_rcc.o ABSOLUTE
    FWLIB\\stm32f4xx_rng.c                   0x00000000   Number         0  stm32f4xx_rng.o ABSOLUTE
    FWLIB\\stm32f4xx_rtc.c                   0x00000000   Number         0  stm32f4xx_rtc.o ABSOLUTE
    FWLIB\\stm32f4xx_sai.c                   0x00000000   Number         0  stm32f4xx_sai.o ABSOLUTE
    FWLIB\\stm32f4xx_sdio.c                  0x00000000   Number         0  stm32f4xx_sdio.o ABSOLUTE
    FWLIB\\stm32f4xx_spi.c                   0x00000000   Number         0  stm32f4xx_spi.o ABSOLUTE
    FWLIB\\stm32f4xx_syscfg.c                0x00000000   Number         0  stm32f4xx_syscfg.o ABSOLUTE
    FWLIB\\stm32f4xx_tim.c                   0x00000000   Number         0  stm32f4xx_tim.o ABSOLUTE
    FWLIB\\stm32f4xx_usart.c                 0x00000000   Number         0  stm32f4xx_usart.o ABSOLUTE
    FWLIB\\stm32f4xx_wwdg.c                  0x00000000   Number         0  stm32f4xx_wwdg.o ABSOLUTE
    FWLIB\misc.c                             0x00000000   Number         0  misc.o ABSOLUTE
    FWLIB\stm32f4xx_adc.c                    0x00000000   Number         0  stm32f4xx_adc.o ABSOLUTE
    FWLIB\stm32f4xx_can.c                    0x00000000   Number         0  stm32f4xx_can.o ABSOLUTE
    FWLIB\stm32f4xx_crc.c                    0x00000000   Number         0  stm32f4xx_crc.o ABSOLUTE
    FWLIB\stm32f4xx_cryp.c                   0x00000000   Number         0  stm32f4xx_cryp.o ABSOLUTE
    FWLIB\stm32f4xx_cryp_aes.c               0x00000000   Number         0  stm32f4xx_cryp_aes.o ABSOLUTE
    FWLIB\stm32f4xx_cryp_des.c               0x00000000   Number         0  stm32f4xx_cryp_des.o ABSOLUTE
    FWLIB\stm32f4xx_cryp_tdes.c              0x00000000   Number         0  stm32f4xx_cryp_tdes.o ABSOLUTE
    FWLIB\stm32f4xx_dac.c                    0x00000000   Number         0  stm32f4xx_dac.o ABSOLUTE
    FWLIB\stm32f4xx_dbgmcu.c                 0x00000000   Number         0  stm32f4xx_dbgmcu.o ABSOLUTE
    FWLIB\stm32f4xx_dcmi.c                   0x00000000   Number         0  stm32f4xx_dcmi.o ABSOLUTE
    FWLIB\stm32f4xx_dma.c                    0x00000000   Number         0  stm32f4xx_dma.o ABSOLUTE
    FWLIB\stm32f4xx_dma2d.c                  0x00000000   Number         0  stm32f4xx_dma2d.o ABSOLUTE
    FWLIB\stm32f4xx_exti.c                   0x00000000   Number         0  stm32f4xx_exti.o ABSOLUTE
    FWLIB\stm32f4xx_flash.c                  0x00000000   Number         0  stm32f4xx_flash.o ABSOLUTE
    FWLIB\stm32f4xx_flash_ramfunc.c          0x00000000   Number         0  stm32f4xx_flash_ramfunc.o ABSOLUTE
    FWLIB\stm32f4xx_gpio.c                   0x00000000   Number         0  stm32f4xx_gpio.o ABSOLUTE
    FWLIB\stm32f4xx_hash.c                   0x00000000   Number         0  stm32f4xx_hash.o ABSOLUTE
    FWLIB\stm32f4xx_hash_md5.c               0x00000000   Number         0  stm32f4xx_hash_md5.o ABSOLUTE
    FWLIB\stm32f4xx_hash_sha1.c              0x00000000   Number         0  stm32f4xx_hash_sha1.o ABSOLUTE
    FWLIB\stm32f4xx_i2c.c                    0x00000000   Number         0  stm32f4xx_i2c.o ABSOLUTE
    FWLIB\stm32f4xx_iwdg.c                   0x00000000   Number         0  stm32f4xx_iwdg.o ABSOLUTE
    FWLIB\stm32f4xx_ltdc.c                   0x00000000   Number         0  stm32f4xx_ltdc.o ABSOLUTE
    FWLIB\stm32f4xx_pwr.c                    0x00000000   Number         0  stm32f4xx_pwr.o ABSOLUTE
    FWLIB\stm32f4xx_rcc.c                    0x00000000   Number         0  stm32f4xx_rcc.o ABSOLUTE
    FWLIB\stm32f4xx_rng.c                    0x00000000   Number         0  stm32f4xx_rng.o ABSOLUTE
    FWLIB\stm32f4xx_rtc.c                    0x00000000   Number         0  stm32f4xx_rtc.o ABSOLUTE
    FWLIB\stm32f4xx_sai.c                    0x00000000   Number         0  stm32f4xx_sai.o ABSOLUTE
    FWLIB\stm32f4xx_sdio.c                   0x00000000   Number         0  stm32f4xx_sdio.o ABSOLUTE
    FWLIB\stm32f4xx_spi.c                    0x00000000   Number         0  stm32f4xx_spi.o ABSOLUTE
    FWLIB\stm32f4xx_syscfg.c                 0x00000000   Number         0  stm32f4xx_syscfg.o ABSOLUTE
    FWLIB\stm32f4xx_tim.c                    0x00000000   Number         0  stm32f4xx_tim.o ABSOLUTE
    FWLIB\stm32f4xx_usart.c                  0x00000000   Number         0  stm32f4xx_usart.o ABSOLUTE
    FWLIB\stm32f4xx_wwdg.c                   0x00000000   Number         0  stm32f4xx_wwdg.o ABSOLUTE
    FreeRTOS\\portable\\RVDS\\ARM_CM4F\\port.c 0x00000000   Number         0  port.o ABSOLUTE
    FreeRTOS\list.c                          0x00000000   Number         0  list.o ABSOLUTE
    FreeRTOS\portable\MemMang\heap_4.c       0x00000000   Number         0  heap_4.o ABSOLUTE
    FreeRTOS\portable\RVDS\ARM_CM4F\port.c   0x00000000   Number         0  port.o ABSOLUTE
    FreeRTOS\queue.c                         0x00000000   Number         0  queue.o ABSOLUTE
    FreeRTOS\tasks.c                         0x00000000   Number         0  tasks.o ABSOLUTE
    SYSTEM\\sys.c                            0x00000000   Number         0  sys.o ABSOLUTE
    SYSTEM\sys.c                             0x00000000   Number         0  sys.o ABSOLUTE
    dc.s                                     0x00000000   Number         0  dc.o ABSOLUTE
    handlers.s                               0x00000000   Number         0  handlers.o ABSOLUTE
    init.s                                   0x00000000   Number         0  init.o ABSOLUTE
    RESET                                    0x08000000   Section      392  startup_stm32f40_41xxx.o(RESET)
    .ARM.Collect$$$$00000000                 0x08000188   Section        0  entry.o(.ARM.Collect$$$$00000000)
    .ARM.Collect$$$$00000001                 0x08000188   Section        4  entry2.o(.ARM.Collect$$$$00000001)
    .ARM.Collect$$$$00000004                 0x0800018c   Section        4  entry5.o(.ARM.Collect$$$$00000004)
    .ARM.Collect$$$$00000008                 0x08000190   Section        0  entry7b.o(.ARM.Collect$$$$00000008)
    .ARM.Collect$$$$0000000A                 0x08000190   Section        0  entry8b.o(.ARM.Collect$$$$0000000A)
    .ARM.Collect$$$$0000000B                 0x08000190   Section        8  entry9a.o(.ARM.Collect$$$$0000000B)
    .ARM.Collect$$$$0000000D                 0x08000198   Section        0  entry10a.o(.ARM.Collect$$$$0000000D)
    .ARM.Collect$$$$0000000F                 0x08000198   Section        0  entry11a.o(.ARM.Collect$$$$0000000F)
    .ARM.Collect$$$$00002712                 0x08000198   Section        4  entry2.o(.ARM.Collect$$$$00002712)
    __lit__00000000                          0x08000198   Data           4  entry2.o(.ARM.Collect$$$$00002712)
    .emb_text                                0x0800019c   Section      182  port.o(.emb_text)
    $v0                                      0x0800019c   Number         0  port.o(.emb_text)
    .text                                    0x08000254   Section       36  startup_stm32f40_41xxx.o(.text)
    $v0                                      0x08000254   Number         0  startup_stm32f40_41xxx.o(.text)
    .text                                    0x08000278   Section        0  memcpya.o(.text)
    .text                                    0x0800029c   Section        0  memseta.o(.text)
    .text                                    0x080002c0   Section       36  init.o(.text)
    i.BoardKeys_Init                         0x080002e4   Section        0  board_keys.o(i.BoardKeys_Init)
    i.BoardKeys_Poll1ms                      0x08000338   Section        0  board_keys.o(i.BoardKeys_Poll1ms)
    i.BusFault_Handler                       0x08000428   Section        0  stm32f4xx_it.o(i.BusFault_Handler)
    i.DebugMon_Handler                       0x0800042a   Section        0  stm32f4xx_it.o(i.DebugMon_Handler)
    i.Delay_Init                             0x0800042c   Section        0  delay.o(i.Delay_Init)
    i.Delay_ms                               0x08000454   Section        0  delay.o(i.Delay_ms)
    i.Delay_us                               0x0800046a   Section        0  delay.o(i.Delay_us)
    i.GPIO_Init                              0x0800047c   Section        0  stm32f4xx_gpio.o(i.GPIO_Init)
    i.GPIO_PinAFConfig                       0x080004f4   Section        0  stm32f4xx_gpio.o(i.GPIO_PinAFConfig)
    i.GPIO_ReadInputDataBit                  0x08000514   Section        0  stm32f4xx_gpio.o(i.GPIO_ReadInputDataBit)
    i.HardFault_Handler                      0x08000522   Section        0  stm32f4xx_it.o(i.HardFault_Handler)
    i.I2C1_Board_Init                        0x08000524   Section        0  i2c1_master.o(i.I2C1_Board_Init)
    i.I2C1_ClearBus                          0x080005d0   Section        0  i2c1_master.o(i.I2C1_ClearBus)
    i.I2C1_Probe7                            0x08000614   Section        0  i2c1_master.o(i.I2C1_Probe7)
    i.I2C1_ReadReg8                          0x080006b4   Section        0  i2c1_master.o(i.I2C1_ReadReg8)
    i.I2C1_ScanBus                           0x080007bc   Section        0  i2c1_master.o(i.I2C1_ScanBus)
    i.I2C1_WaitEvent                         0x080007dc   Section        0  i2c1_master.o(i.I2C1_WaitEvent)
    I2C1_WaitEvent                           0x080007dd   Thumb Code    38  i2c1_master.o(i.I2C1_WaitEvent)
    i.I2C1_WriteMem                          0x08000808   Section        0  i2c1_master.o(i.I2C1_WriteMem)
    i.I2C1_WriteReg8                         0x080008c8   Section        0  i2c1_master.o(i.I2C1_WriteReg8)
    i.I2C_AcknowledgeConfig                  0x08000974   Section        0  stm32f4xx_i2c.o(i.I2C_AcknowledgeConfig)
    i.I2C_AnalogFilterCmd                    0x08000988   Section        0  stm32f4xx_i2c.o(i.I2C_AnalogFilterCmd)
    i.I2C_CheckEvent                         0x0800099c   Section        0  stm32f4xx_i2c.o(i.I2C_CheckEvent)
    i.I2C_ClearFlag                          0x080009b4   Section        0  stm32f4xx_i2c.o(i.I2C_ClearFlag)
    i.I2C_Cmd                                0x080009ba   Section        0  stm32f4xx_i2c.o(i.I2C_Cmd)
    i.I2C_DeInit                             0x080009d0   Section        0  stm32f4xx_i2c.o(i.I2C_DeInit)
    i.I2C_GenerateSTART                      0x08000a14   Section        0  stm32f4xx_i2c.o(i.I2C_GenerateSTART)
    i.I2C_GenerateSTOP                       0x08000a28   Section        0  stm32f4xx_i2c.o(i.I2C_GenerateSTOP)
    i.I2C_GetFlagStatus                      0x08000a3c   Section        0  stm32f4xx_i2c.o(i.I2C_GetFlagStatus)
    i.I2C_Init                               0x08000a68   Section        0  stm32f4xx_i2c.o(i.I2C_Init)
    i.I2C_ReceiveData                        0x08000b20   Section        0  stm32f4xx_i2c.o(i.I2C_ReceiveData)
    i.I2C_Send7bitAddress                    0x08000b26   Section        0  stm32f4xx_i2c.o(i.I2C_Send7bitAddress)
    i.I2C_SendData                           0x08000b36   Section        0  stm32f4xx_i2c.o(i.I2C_SendData)
    i.I2C_SoftwareResetCmd                   0x08000b3a   Section        0  stm32f4xx_i2c.o(i.I2C_SoftwareResetCmd)
    i.MemManage_Handler                      0x08000b4e   Section        0  stm32f4xx_it.o(i.MemManage_Handler)
    i.NMI_Handler                            0x08000b50   Section        0  stm32f4xx_it.o(i.NMI_Handler)
    i.NVIC_Init                              0x08000b54   Section        0  misc.o(i.NVIC_Init)
    i.NVIC_PriorityGroupConfig               0x08000bb8   Section        0  misc.o(i.NVIC_PriorityGroupConfig)
    i.Ptz_ApplyHome                          0x08000bcc   Section        0  ptz_control.o(i.Ptz_ApplyHome)
    i.Ptz_Init                               0x08000bf0   Section        0  ptz_control.o(i.Ptz_Init)
    i.Ptz_PollKeysAndUart                    0x08000c14   Section        0  ptz_control.o(i.Ptz_PollKeysAndUart)
    i.Ptz_StepHorizontal                     0x08000d4c   Section        0  ptz_control.o(i.Ptz_StepHorizontal)
    i.Ptz_StepVertical                       0x08000d6c   Section        0  ptz_control.o(i.Ptz_StepVertical)
    i.Ptz_UiPost                             0x08000d8c   Section        0  ptz_control.o(i.Ptz_UiPost)
    i.RCC_AHB1PeriphClockCmd                 0x08000da8   Section        0  stm32f4xx_rcc.o(i.RCC_AHB1PeriphClockCmd)
    i.RCC_APB1PeriphClockCmd                 0x08000dc0   Section        0  stm32f4xx_rcc.o(i.RCC_APB1PeriphClockCmd)
    i.RCC_APB1PeriphResetCmd                 0x08000dd8   Section        0  stm32f4xx_rcc.o(i.RCC_APB1PeriphResetCmd)
    i.RCC_APB2PeriphClockCmd                 0x08000df0   Section        0  stm32f4xx_rcc.o(i.RCC_APB2PeriphClockCmd)
    i.RCC_GetClocksFreq                      0x08000e08   Section        0  stm32f4xx_rcc.o(i.RCC_GetClocksFreq)
    i.Servo_Init                             0x08000e98   Section        0  servo_pwm.o(i.Servo_Init)
    i.Servo_SetAngleDegCh                    0x080010b4   Section        0  servo_pwm.o(i.Servo_SetAngleDegCh)
    i.Servo_SetPulseUsCh                     0x080010d0   Section        0  servo_pwm.o(i.Servo_SetPulseUsCh)
    i.SetSysClock                            0x08001164   Section        0  system_stm32f4xx.o(i.SetSysClock)
    SetSysClock                              0x08001165   Thumb Code   162  system_stm32f4xx.o(i.SetSysClock)
    i.SysTick_Handler                        0x08001218   Section        0  port.o(i.SysTick_Handler)
    i.SystemCoreClockUpdate                  0x08001244   Section        0  system_stm32f4xx.o(i.SystemCoreClockUpdate)
    i.SystemInit                             0x080012bc   Section        0  system_stm32f4xx.o(i.SystemInit)
    i.TIM2_IRQHandler                        0x08001318   Section        0  tim2.o(i.TIM2_IRQHandler)
    i.TIM3_IRQHandler                        0x08001338   Section        0  tim3.o(i.TIM3_IRQHandler)
    i.TIM_ClearITPendingBit                  0x0800135c   Section        0  stm32f4xx_tim.o(i.TIM_ClearITPendingBit)
    i.TIM_GetITStatus                        0x08001362   Section        0  stm32f4xx_tim.o(i.TIM_GetITStatus)
    i.USART1_IRQHandler                      0x0800137c   Section        0  usart.o(i.USART1_IRQHandler)
    i.USART3_IRQHandler                      0x0800141c   Section        0  usart.o(i.USART3_IRQHandler)
    i.USART_ClearITPendingBit                0x080014bc   Section        0  stm32f4xx_usart.o(i.USART_ClearITPendingBit)
    i.USART_Cmd                              0x080014c8   Section        0  stm32f4xx_usart.o(i.USART_Cmd)
    i.USART_GetFlagStatus                    0x080014dc   Section        0  stm32f4xx_usart.o(i.USART_GetFlagStatus)
    i.USART_GetITStatus                      0x080014ea   Section        0  stm32f4xx_usart.o(i.USART_GetITStatus)
    i.USART_ITConfig                         0x08001528   Section        0  stm32f4xx_usart.o(i.USART_ITConfig)
    i.USART_Init                             0x08001558   Section        0  stm32f4xx_usart.o(i.USART_Init)
    i.USART_ReceiveData                      0x08001604   Section        0  stm32f4xx_usart.o(i.USART_ReceiveData)
    i.USART_SendData                         0x0800160c   Section        0  stm32f4xx_usart.o(i.USART_SendData)
    i.UsageFault_Handler                     0x08001614   Section        0  stm32f4xx_it.o(i.UsageFault_Handler)
    i.Usart1_Init                            0x08001618   Section        0  usart.o(i.Usart1_Init)
    i.Usart1_SendString                      0x080016c8   Section        0  usart.o(i.Usart1_SendString)
    i.Usart2_InitMirror                      0x08001704   Section        0  usart.o(i.Usart2_InitMirror)
    Usart2_InitMirror                        0x08001705   Thumb Code   132  usart.o(i.Usart2_InitMirror)
    i.Usart3_Init                            0x08001794   Section        0  usart.o(i.Usart3_Init)
    i.Usart3_SendString                      0x08001840   Section        0  usart.o(i.Usart3_SendString)
    i.__scatterload_copy                     0x0800186c   Section       14  handlers.o(i.__scatterload_copy)
    i.__scatterload_null                     0x0800187a   Section        2  handlers.o(i.__scatterload_null)
    i.__scatterload_zeroinit                 0x0800187c   Section       14  handlers.o(i.__scatterload_zeroinit)
    i.apply_deg_step                         0x0800188a   Section        0  ptz_control.o(i.apply_deg_step)
    apply_deg_step                           0x0800188b   Thumb Code    20  ptz_control.o(i.apply_deg_step)
    i.main                                   0x080018a0   Section        0  main.o(i.main)
    i.process_usart1_ptz                     0x080019b4   Section        0  ptz_control.o(i.process_usart1_ptz)
    process_usart1_ptz                       0x080019b5   Thumb Code   228  ptz_control.o(i.process_usart1_ptz)
    i.prvAddCurrentTaskToDelayedList         0x08001ad4   Section        0  tasks.o(i.prvAddCurrentTaskToDelayedList)
    prvAddCurrentTaskToDelayedList           0x08001ad5   Thumb Code   102  tasks.o(i.prvAddCurrentTaskToDelayedList)
    i.prvAddNewTaskToReadyList               0x08001b44   Section        0  tasks.o(i.prvAddNewTaskToReadyList)
    prvAddNewTaskToReadyList                 0x08001b45   Thumb Code   194  tasks.o(i.prvAddNewTaskToReadyList)
    i.prvCheckTasksWaitingTermination        0x08001c14   Section        0  tasks.o(i.prvCheckTasksWaitingTermination)
    prvCheckTasksWaitingTermination          0x08001c15   Thumb Code    74  tasks.o(i.prvCheckTasksWaitingTermination)
    i.prvCopyDataFromQueue                   0x08001c68   Section        0  queue.o(i.prvCopyDataFromQueue)
    prvCopyDataFromQueue                     0x08001c69   Thumb Code    38  queue.o(i.prvCopyDataFromQueue)
    i.prvCopyDataToQueue                     0x08001c8e   Section        0  queue.o(i.prvCopyDataToQueue)
    prvCopyDataToQueue                       0x08001c8f   Thumb Code   108  queue.o(i.prvCopyDataToQueue)
    i.prvDeleteTCB                           0x08001cfa   Section        0  tasks.o(i.prvDeleteTCB)
    prvDeleteTCB                             0x08001cfb   Thumb Code    20  tasks.o(i.prvDeleteTCB)
    i.prvHeapInit                            0x08001d10   Section        0  heap_4.o(i.prvHeapInit)
    prvHeapInit                              0x08001d11   Thumb Code    66  heap_4.o(i.prvHeapInit)
    i.prvIdleTask                            0x08001d5c   Section        0  tasks.o(i.prvIdleTask)
    prvIdleTask                              0x08001d5d   Thumb Code    30  tasks.o(i.prvIdleTask)
    i.prvInitialiseNewTask                   0x08001d84   Section        0  tasks.o(i.prvInitialiseNewTask)
    prvInitialiseNewTask                     0x08001d85   Thumb Code   142  tasks.o(i.prvInitialiseNewTask)
    i.prvInsertBlockIntoFreeList             0x08001e14   Section        0  heap_4.o(i.prvInsertBlockIntoFreeList)
    prvInsertBlockIntoFreeList               0x08001e15   Thumb Code    72  heap_4.o(i.prvInsertBlockIntoFreeList)
    i.prvIsQueueEmpty                        0x08001e60   Section        0  queue.o(i.prvIsQueueEmpty)
    prvIsQueueEmpty                          0x08001e61   Thumb Code    26  queue.o(i.prvIsQueueEmpty)
    i.prvResetNextTaskUnblockTime            0x08001e7c   Section        0  tasks.o(i.prvResetNextTaskUnblockTime)
    prvResetNextTaskUnblockTime              0x08001e7d   Thumb Code    26  tasks.o(i.prvResetNextTaskUnblockTime)
    i.prvTaskExitError                       0x08001e9c   Section        0  port.o(i.prvTaskExitError)
    prvTaskExitError                         0x08001e9d   Thumb Code    36  port.o(i.prvTaskExitError)
    i.prvUnlockQueue                         0x08001ec4   Section        0  queue.o(i.prvUnlockQueue)
    prvUnlockQueue                           0x08001ec5   Thumb Code   106  queue.o(i.prvUnlockQueue)
    i.ptz_uiq_drain                          0x08001f30   Section        0  ptz_control.o(i.ptz_uiq_drain)
    ptz_uiq_drain                            0x08001f31   Thumb Code    70  ptz_control.o(i.ptz_uiq_drain)
    i.pvPortMalloc                           0x08001f7c   Section        0  heap_4.o(i.pvPortMalloc)
    i.pvTaskIncrementMutexHeldCount          0x08002054   Section        0  tasks.o(i.pvTaskIncrementMutexHeldCount)
    i.pxPortInitialiseStack                  0x0800206c   Section        0  port.o(i.pxPortInitialiseStack)
    i.scan_hit                               0x08002098   Section        0  servo_pwm.o(i.scan_hit)
    scan_hit                                 0x08002099   Thumb Code    20  servo_pwm.o(i.scan_hit)
    i.task_ptz                               0x080020b0   Section        0  main.o(i.task_ptz)
    task_ptz                                 0x080020b1   Thumb Code    12  main.o(i.task_ptz)
    i.usart1_hex8                            0x080020bc   Section        0  servo_pwm.o(i.usart1_hex8)
    usart1_hex8                              0x080020bd   Thumb Code    38  servo_pwm.o(i.usart1_hex8)
    i.usart_send_byte                        0x080020e8   Section        0  usart.o(i.usart_send_byte)
    usart_send_byte                          0x080020e9   Thumb Code    40  usart.o(i.usart_send_byte)
    i.uxListRemove                           0x08002114   Section        0  list.o(i.uxListRemove)
    i.vApplicationTickHook                   0x08002138   Section        0  main.o(i.vApplicationTickHook)
    i.vListInitialise                        0x0800213a   Section        0  list.o(i.vListInitialise)
    i.vListInitialiseItem                    0x08002150   Section        0  list.o(i.vListInitialiseItem)
    i.vListInsert                            0x08002156   Section        0  list.o(i.vListInsert)
    i.vListInsertEnd                         0x08002186   Section        0  list.o(i.vListInsertEnd)
    i.vPortEnterCritical                     0x080021a0   Section        0  port.o(i.vPortEnterCritical)
    i.vPortExitCritical                      0x080021e0   Section        0  port.o(i.vPortExitCritical)
    i.vPortFree                              0x08002208   Section        0  heap_4.o(i.vPortFree)
    i.vPortSetupTimerInterrupt               0x08002264   Section        0  port.o(i.vPortSetupTimerInterrupt)
    i.vTaskDelay                             0x08002284   Section        0  tasks.o(i.vTaskDelay)
    i.vTaskMissedYield                       0x080022d0   Section        0  tasks.o(i.vTaskMissedYield)
    i.vTaskPlaceOnEventList                  0x080022dc   Section        0  tasks.o(i.vTaskPlaceOnEventList)
    i.vTaskPriorityInherit                   0x0800230c   Section        0  tasks.o(i.vTaskPriorityInherit)
    i.vTaskSetTimeOutState                   0x08002390   Section        0  tasks.o(i.vTaskSetTimeOutState)
    i.vTaskStartScheduler                    0x080023b4   Section        0  tasks.o(i.vTaskStartScheduler)
    i.vTaskSuspendAll                        0x0800241c   Section        0  tasks.o(i.vTaskSuspendAll)
    i.vTaskSwitchContext                     0x0800242c   Section        0  tasks.o(i.vTaskSwitchContext)
    i.xPortStartScheduler                    0x08002488   Section        0  port.o(i.xPortStartScheduler)
    i.xQueueGenericCreate                    0x0800256c   Section        0  queue.o(i.xQueueGenericCreate)
    i.xQueueGenericReceive                   0x080025b4   Section        0  queue.o(i.xQueueGenericReceive)
    i.xQueueGenericReset                     0x08002724   Section        0  queue.o(i.xQueueGenericReset)
    i.xQueueGenericSend                      0x080027ac   Section        0  queue.o(i.xQueueGenericSend)
    i.xTaskCheckForTimeOut                   0x08002910   Section        0  tasks.o(i.xTaskCheckForTimeOut)
    i.xTaskCreate                            0x0800297c   Section        0  tasks.o(i.xTaskCreate)
    i.xTaskGetSchedulerState                 0x080029d4   Section        0  tasks.o(i.xTaskGetSchedulerState)
    i.xTaskGetTickCount                      0x080029f0   Section        0  tasks.o(i.xTaskGetTickCount)
    i.xTaskIncrementTick                     0x080029fc   Section        0  tasks.o(i.xTaskIncrementTick)
    i.xTaskPriorityDisinherit                0x08002ad0   Section        0  tasks.o(i.xTaskPriorityDisinherit)
    i.xTaskRemoveFromEventList               0x08002b68   Section        0  tasks.o(i.xTaskRemoveFromEventList)
    i.xTaskResumeAll                         0x08002bdc   Section        0  tasks.o(i.xTaskResumeAll)
    .constdata                               0x08002ca0   Section       17  servo_pwm.o(.constdata)
    h                                        0x08002ca0   Data          17  servo_pwm.o(.constdata)
    .conststring                             0x08002cb4   Section      208  servo_pwm.o(.conststring)
    .data                                    0x20000000   Section        4  main.o(.data)
    s_task_ptz                               0x20000000   Data           4  main.o(.data)
    .data                                    0x20000004   Section       16  ptz_control.o(.data)
    s_ui_hold                                0x20000004   Data           1  ptz_control.o(.data)
    s_ang_h                                  0x20000006   Data           2  ptz_control.o(.data)
    s_ang_v                                  0x20000008   Data           2  ptz_control.o(.data)
    s_ptz_uiq                                0x2000000c   Data           4  ptz_control.o(.data)
    s_ui_next_pwm                            0x20000010   Data           4  ptz_control.o(.data)
    .data                                    0x20000014   Section        9  board_keys.o(.data)
    sr0                                      0x20000014   Data           1  board_keys.o(.data)
    sr1                                      0x20000015   Data           1  board_keys.o(.data)
    sr2                                      0x20000016   Data           1  board_keys.o(.data)
    sr3                                      0x20000017   Data           1  board_keys.o(.data)
    l0                                       0x20000018   Data           1  board_keys.o(.data)
    l1                                       0x20000019   Data           1  board_keys.o(.data)
    l2                                       0x2000001a   Data           1  board_keys.o(.data)
    l3                                       0x2000001b   Data           1  board_keys.o(.data)
    s_combo_armed                            0x2000001c   Data           1  board_keys.o(.data)
    .data                                    0x2000001d   Section        1  servo_pwm.o(.data)
    s_once                                   0x2000001d   Data           1  servo_pwm.o(.data)
    .data                                    0x2000001e   Section        8  usart.o(.data)
    s_usart2_mirror_ok                       0x20000020   Data           1  usart.o(.data)
    g_cout                                   0x20000022   Data           2  usart.o(.data)
    g_cout1                                  0x20000024   Data           2  usart.o(.data)
    .data                                    0x20000026   Section       16  stm32f4xx_rcc.o(.data)
    APBAHBPrescTable                         0x20000026   Data          16  stm32f4xx_rcc.o(.data)
    .data                                    0x20000038   Section       20  system_stm32f4xx.o(.data)
    .data                                    0x2000004c   Section       60  tasks.o(.data)
    uxDeletedTasksWaitingCleanUp             0x20000050   Data           4  tasks.o(.data)
    uxCurrentNumberOfTasks                   0x20000054   Data           4  tasks.o(.data)
    xTickCount                               0x20000058   Data           4  tasks.o(.data)
    uxTopReadyPriority                       0x2000005c   Data           4  tasks.o(.data)
    xSchedulerRunning                        0x20000060   Data           4  tasks.o(.data)
    uxPendedTicks                            0x20000064   Data           4  tasks.o(.data)
    xYieldPending                            0x20000068   Data           4  tasks.o(.data)
    xNumOfOverflows                          0x2000006c   Data           4  tasks.o(.data)
    uxTaskNumber                             0x20000070   Data           4  tasks.o(.data)
    xNextTaskUnblockTime                     0x20000074   Data           4  tasks.o(.data)
    xIdleTaskHandle                          0x20000078   Data           4  tasks.o(.data)
    uxSchedulerSuspended                     0x2000007c   Data           4  tasks.o(.data)
    pxDelayedTaskList                        0x20000080   Data           4  tasks.o(.data)
    pxOverflowDelayedTaskList                0x20000084   Data           4  tasks.o(.data)
    .data                                    0x20000088   Section       24  heap_4.o(.data)
    pxEnd                                    0x20000088   Data           4  heap_4.o(.data)
    xFreeBytesRemaining                      0x2000008c   Data           4  heap_4.o(.data)
    xMinimumEverFreeBytesRemaining           0x20000090   Data           4  heap_4.o(.data)
    xBlockAllocatedBit                       0x20000094   Data           4  heap_4.o(.data)
    xStart                                   0x20000098   Data           8  heap_4.o(.data)
    .data                                    0x200000a0   Section       12  port.o(.data)
    ucMaxSysCallPriority                     0x200000a0   Data           1  port.o(.data)
    uxCriticalNesting                        0x200000a4   Data           4  port.o(.data)
    ulMaxPRIGROUPValue                       0x200000a8   Data           4  port.o(.data)
    .bss                                     0x200000ac   Section      512  ptz_control.o(.bss)
    s_frame                                  0x200000ac   Data         512  ptz_control.o(.bss)
    .bss                                     0x200002ac   Section     2048  usart.o(.bss)
    g_buffer                                 0x200002ac   Data         512  usart.o(.bss)
    g_buffer1                                0x200006ac   Data         512  usart.o(.bss)
    .bss                                     0x20000aac   Section      200  tasks.o(.bss)
    pxReadyTasksLists                        0x20000aac   Data         100  tasks.o(.bss)
    xDelayedTaskList1                        0x20000b10   Data          20  tasks.o(.bss)
    xDelayedTaskList2                        0x20000b24   Data          20  tasks.o(.bss)
    xPendingReadyList                        0x20000b38   Data          20  tasks.o(.bss)
    xTasksWaitingTermination                 0x20000b4c   Data          20  tasks.o(.bss)
    xSuspendedTaskList                       0x20000b60   Data          20  tasks.o(.bss)
    .bss                                     0x20000b74   Section    32768  heap_4.o(.bss)
    ucHeap                                   0x20000b74   Data       32768  heap_4.o(.bss)
    STACK                                    0x20008b78   Section     1024  startup_stm32f40_41xxx.o(STACK)

    Global Symbols

    Symbol Name                              Value     Ov Type        Size  Object(Section)

    BuildAttributes$$THM_ISAv4$E$P$D$K$B$S$7EM$VFPi3$EXTD16$VFPS$VFMA$PE$A:L22UL41UL21$X:L11$S22US41US21$IEEE1$IW$USESV6$~STKCKD$USESV7$~SHL$OSPACE$EBA8$MICROLIB$REQ8$PRES8$EABIv2 0x00000000   Number         0  anon$$obj.o ABSOLUTE
    __ARM_use_no_argv                        0x00000000   Number         0  main.o ABSOLUTE
    __cpp_initialize__aeabi_                  - Undefined Weak Reference
    __cxa_finalize                            - Undefined Weak Reference
    __decompress                              - Undefined Weak Reference
    _clock_init                               - Undefined Weak Reference
    _microlib_exit                            - Undefined Weak Reference
    __Vectors_Size                           0x00000188   Number         0  startup_stm32f40_41xxx.o ABSOLUTE
    __Vectors                                0x08000000   Data           4  startup_stm32f40_41xxx.o(RESET)
    __Vectors_End                            0x08000188   Data           0  startup_stm32f40_41xxx.o(RESET)
    __main                                   0x08000189   Thumb Code     0  entry.o(.ARM.Collect$$$$00000000)
    _main_stk                                0x08000189   Thumb Code     0  entry2.o(.ARM.Collect$$$$00000001)
    _main_scatterload                        0x0800018d   Thumb Code     0  entry5.o(.ARM.Collect$$$$00000004)
    __main_after_scatterload                 0x08000191   Thumb Code     0  entry5.o(.ARM.Collect$$$$00000004)
    _main_clock                              0x08000191   Thumb Code     0  entry7b.o(.ARM.Collect$$$$00000008)
    _main_cpp_init                           0x08000191   Thumb Code     0  entry8b.o(.ARM.Collect$$$$0000000A)
    _main_init                               0x08000191   Thumb Code     0  entry9a.o(.ARM.Collect$$$$0000000B)
    __rt_final_cpp                           0x08000199   Thumb Code     0  entry10a.o(.ARM.Collect$$$$0000000D)
    __rt_final_exit                          0x08000199   Thumb Code     0  entry11a.o(.ARM.Collect$$$$0000000F)
    SVC_Handler                              0x0800019d   Thumb Code    28  port.o(.emb_text)
    __asm___6_port_c_39a90d8d__prvStartFirstTask 0x080001bd   Thumb Code    28  port.o(.emb_text)
    __asm___6_port_c_39a90d8d__prvEnableVFP  0x080001dd   Thumb Code    16  port.o(.emb_text)
    PendSV_Handler                           0x080001f1   Thumb Code    88  port.o(.emb_text)
    vPortGetIPSR                             0x0800024d   Thumb Code     6  port.o(.emb_text)
    Reset_Handler                            0x08000255   Thumb Code     8  startup_stm32f40_41xxx.o(.text)
    ADC_IRQHandler                           0x0800026f   Thumb Code     0  startup_stm32f40_41xxx.o(.text)
    CAN1_RX0_IRQHandler                      0x0800026f   Thumb Code     0  startup_stm32f40_41xxx.o(.text)
    CAN1_RX1_IRQHandler                      0x0800026f   Thumb Code     0  startup_stm32f40_41xxx.o(.text)
    CAN1_SCE_IRQHandler                      0x0800026f   Thumb Code     0  startup_stm32f40_41xxx.o(.text)
    CAN1_TX_IRQHandler                       0x0800026f   Thumb Code     0  startup_stm32f40_41xxx.o(.text)
    CAN2_RX0_IRQHandler                      0x0800026f   Thumb Code     0  startup_stm32f40_41xxx.o(.text)
    CAN2_RX1_IRQHandler                      0x0800026f   Thumb Code     0  startup_stm32f40_41xxx.o(.text)
    CAN2_SCE_IRQHandler                      0x0800026f   Thumb Code     0  startup_stm32f40_41xxx.o(.text)
    CAN2_TX_IRQHandler                       0x0800026f   Thumb Code     0  startup_stm32f40_41xxx.o(.text)
    CRYP_IRQHandler                          0x0800026f   Thumb Code     0  startup_stm32f40_41xxx.o(.text)
    DCMI_IRQHandler                          0x0800026f   Thumb Code     0  startup_stm32f40_41xxx.o(.text)
    DMA1_Stream0_IRQHandler                  0x0800026f   Thumb Code     0  startup_stm32f40_41xxx.o(.text)
    DMA1_Stream1_IRQHandler                  0x0800026f   Thumb Code     0  startup_stm32f40_41xxx.o(.text)
    DMA1_Stream2_IRQHandler                  0x0800026f   Thumb Code     0  startup_stm32f40_41xxx.o(.text)
    DMA1_Stream3_IRQHandler                  0x0800026f   Thumb Code     0  startup_stm32f40_41xxx.o(.text)
    DMA1_Stream4_IRQHandler                  0x0800026f   Thumb Code     0  startup_stm32f40_41xxx.o(.text)
    DMA1_Stream5_IRQHandler                  0x0800026f   Thumb Code     0  startup_stm32f40_41xxx.o(.text)
    DMA1_Stream6_IRQHandler                  0x0800026f   Thumb Code     0  startup_stm32f40_41xxx.o(.text)
    DMA1_Stream7_IRQHandler                  0x0800026f   Thumb Code     0  startup_stm32f40_41xxx.o(.text)
    DMA2_Stream0_IRQHandler                  0x0800026f   Thumb Code     0  startup_stm32f40_41xxx.o(.text)
    DMA2_Stream1_IRQHandler                  0x0800026f   Thumb Code     0  startup_stm32f40_41xxx.o(.text)
    DMA2_Stream2_IRQHandler                  0x0800026f   Thumb Code     0  startup_stm32f40_41xxx.o(.text)
    DMA2_Stream3_IRQHandler                  0x0800026f   Thumb Code     0  startup_stm32f40_41xxx.o(.text)
    DMA2_Stream4_IRQHandler                  0x0800026f   Thumb Code     0  startup_stm32f40_41xxx.o(.text)
    DMA2_Stream5_IRQHandler                  0x0800026f   Thumb Code     0  startup_stm32f40_41xxx.o(.text)
    DMA2_Stream6_IRQHandler                  0x0800026f   Thumb Code     0  startup_stm32f40_41xxx.o(.text)
    DMA2_Stream7_IRQHandler                  0x0800026f   Thumb Code     0  startup_stm32f40_41xxx.o(.text)
    ETH_IRQHandler                           0x0800026f   Thumb Code     0  startup_stm32f40_41xxx.o(.text)
    ETH_WKUP_IRQHandler                      0x0800026f   Thumb Code     0  startup_stm32f40_41xxx.o(.text)
    EXTI0_IRQHandler                         0x0800026f   Thumb Code     0  startup_stm32f40_41xxx.o(.text)
    EXTI15_10_IRQHandler                     0x0800026f   Thumb Code     0  startup_stm32f40_41xxx.o(.text)
    EXTI1_IRQHandler                         0x0800026f   Thumb Code     0  startup_stm32f40_41xxx.o(.text)
    EXTI2_IRQHandler                         0x0800026f   Thumb Code     0  startup_stm32f40_41xxx.o(.text)
    EXTI3_IRQHandler                         0x0800026f   Thumb Code     0  startup_stm32f40_41xxx.o(.text)
    EXTI4_IRQHandler                         0x0800026f   Thumb Code     0  startup_stm32f40_41xxx.o(.text)
    EXTI9_5_IRQHandler                       0x0800026f   Thumb Code     0  startup_stm32f40_41xxx.o(.text)
    FLASH_IRQHandler                         0x0800026f   Thumb Code     0  startup_stm32f40_41xxx.o(.text)
    FPU_IRQHandler                           0x0800026f   Thumb Code     0  startup_stm32f40_41xxx.o(.text)
    FSMC_IRQHandler                          0x0800026f   Thumb Code     0  startup_stm32f40_41xxx.o(.text)
    HASH_RNG_IRQHandler                      0x0800026f   Thumb Code     0  startup_stm32f40_41xxx.o(.text)
    I2C1_ER_IRQHandler                       0x0800026f   Thumb Code     0  startup_stm32f40_41xxx.o(.text)
    I2C1_EV_IRQHandler                       0x0800026f   Thumb Code     0  startup_stm32f40_41xxx.o(.text)
    I2C2_ER_IRQHandler                       0x0800026f   Thumb Code     0  startup_stm32f40_41xxx.o(.text)
    I2C2_EV_IRQHandler                       0x0800026f   Thumb Code     0  startup_stm32f40_41xxx.o(.text)
    I2C3_ER_IRQHandler                       0x0800026f   Thumb Code     0  startup_stm32f40_41xxx.o(.text)
    I2C3_EV_IRQHandler                       0x0800026f   Thumb Code     0  startup_stm32f40_41xxx.o(.text)
    OTG_FS_IRQHandler                        0x0800026f   Thumb Code     0  startup_stm32f40_41xxx.o(.text)
    OTG_FS_WKUP_IRQHandler                   0x0800026f   Thumb Code     0  startup_stm32f40_41xxx.o(.text)
    OTG_HS_EP1_IN_IRQHandler                 0x0800026f   Thumb Code     0  startup_stm32f40_41xxx.o(.text)
    OTG_HS_EP1_OUT_IRQHandler                0x0800026f   Thumb Code     0  startup_stm32f40_41xxx.o(.text)
    OTG_HS_IRQHandler                        0x0800026f   Thumb Code     0  startup_stm32f40_41xxx.o(.text)
    OTG_HS_WKUP_IRQHandler                   0x0800026f   Thumb Code     0  startup_stm32f40_41xxx.o(.text)
    PVD_IRQHandler                           0x0800026f   Thumb Code     0  startup_stm32f40_41xxx.o(.text)
    RCC_IRQHandler                           0x0800026f   Thumb Code     0  startup_stm32f40_41xxx.o(.text)
    RTC_Alarm_IRQHandler                     0x0800026f   Thumb Code     0  startup_stm32f40_41xxx.o(.text)
    RTC_WKUP_IRQHandler                      0x0800026f   Thumb Code     0  startup_stm32f40_41xxx.o(.text)
    SDIO_IRQHandler                          0x0800026f   Thumb Code     0  startup_stm32f40_41xxx.o(.text)
    SPI1_IRQHandler                          0x0800026f   Thumb Code     0  startup_stm32f40_41xxx.o(.text)
    SPI2_IRQHandler                          0x0800026f   Thumb Code     0  startup_stm32f40_41xxx.o(.text)
    SPI3_IRQHandler                          0x0800026f   Thumb Code     0  startup_stm32f40_41xxx.o(.text)
    TAMP_STAMP_IRQHandler                    0x0800026f   Thumb Code     0  startup_stm32f40_41xxx.o(.text)
    TIM1_BRK_TIM9_IRQHandler                 0x0800026f   Thumb Code     0  startup_stm32f40_41xxx.o(.text)
    TIM1_CC_IRQHandler                       0x0800026f   Thumb Code     0  startup_stm32f40_41xxx.o(.text)
    TIM1_TRG_COM_TIM11_IRQHandler            0x0800026f   Thumb Code     0  startup_stm32f40_41xxx.o(.text)
    TIM1_UP_TIM10_IRQHandler                 0x0800026f   Thumb Code     0  startup_stm32f40_41xxx.o(.text)
    TIM4_IRQHandler                          0x0800026f   Thumb Code     0  startup_stm32f40_41xxx.o(.text)
    TIM5_IRQHandler                          0x0800026f   Thumb Code     0  startup_stm32f40_41xxx.o(.text)
    TIM6_DAC_IRQHandler                      0x0800026f   Thumb Code     0  startup_stm32f40_41xxx.o(.text)
    TIM7_IRQHandler                          0x0800026f   Thumb Code     0  startup_stm32f40_41xxx.o(.text)
    TIM8_BRK_TIM12_IRQHandler                0x0800026f   Thumb Code     0  startup_stm32f40_41xxx.o(.text)
    TIM8_CC_IRQHandler                       0x0800026f   Thumb Code     0  startup_stm32f40_41xxx.o(.text)
    TIM8_TRG_COM_TIM14_IRQHandler            0x0800026f   Thumb Code     0  startup_stm32f40_41xxx.o(.text)
    TIM8_UP_TIM13_IRQHandler                 0x0800026f   Thumb Code     0  startup_stm32f40_41xxx.o(.text)
    UART4_IRQHandler                         0x0800026f   Thumb Code     0  startup_stm32f40_41xxx.o(.text)
    UART5_IRQHandler                         0x0800026f   Thumb Code     0  startup_stm32f40_41xxx.o(.text)
    USART2_IRQHandler                        0x0800026f   Thumb Code     0  startup_stm32f40_41xxx.o(.text)
    USART6_IRQHandler                        0x0800026f   Thumb Code     0  startup_stm32f40_41xxx.o(.text)
    WWDG_IRQHandler                          0x0800026f   Thumb Code     0  startup_stm32f40_41xxx.o(.text)
    __aeabi_memcpy                           0x08000279   Thumb Code    36  memcpya.o(.text)
    __aeabi_memcpy4                          0x08000279   Thumb Code     0  memcpya.o(.text)
    __aeabi_memcpy8                          0x08000279   Thumb Code     0  memcpya.o(.text)
    __aeabi_memset                           0x0800029d   Thumb Code    14  memseta.o(.text)
    __aeabi_memset4                          0x0800029d   Thumb Code     0  memseta.o(.text)
    __aeabi_memset8                          0x0800029d   Thumb Code     0  memseta.o(.text)
    __aeabi_memclr                           0x080002ab   Thumb Code     4  memseta.o(.text)
    __aeabi_memclr4                          0x080002ab   Thumb Code     0  memseta.o(.text)
    __aeabi_memclr8                          0x080002ab   Thumb Code     0  memseta.o(.text)
    _memset$wrapper                          0x080002af   Thumb Code    18  memseta.o(.text)
    __scatterload                            0x080002c1   Thumb Code    28  init.o(.text)
    __scatterload_rt2                        0x080002c1   Thumb Code     0  init.o(.text)
    BoardKeys_Init                           0x080002e5   Thumb Code    76  board_keys.o(i.BoardKeys_Init)
    BoardKeys_Poll1ms                        0x08000339   Thumb Code   226  board_keys.o(i.BoardKeys_Poll1ms)
    BusFault_Handler                         0x08000429   Thumb Code     2  stm32f4xx_it.o(i.BusFault_Handler)
    DebugMon_Handler                         0x0800042b   Thumb Code     2  stm32f4xx_it.o(i.DebugMon_Handler)
    Delay_Init                               0x0800042d   Thumb Code    32  delay.o(i.Delay_Init)
    Delay_ms                                 0x08000455   Thumb Code    22  delay.o(i.Delay_ms)
    Delay_us                                 0x0800046b   Thumb Code    18  delay.o(i.Delay_us)
    GPIO_Init                                0x0800047d   Thumb Code   120  stm32f4xx_gpio.o(i.GPIO_Init)
    GPIO_PinAFConfig                         0x080004f5   Thumb Code    32  stm32f4xx_gpio.o(i.GPIO_PinAFConfig)
    GPIO_ReadInputDataBit                    0x08000515   Thumb Code    14  stm32f4xx_gpio.o(i.GPIO_ReadInputDataBit)
    HardFault_Handler                        0x08000523   Thumb Code     2  stm32f4xx_it.o(i.HardFault_Handler)
    I2C1_Board_Init                          0x08000525   Thumb Code   164  i2c1_master.o(i.I2C1_Board_Init)
    I2C1_ClearBus                            0x080005d1   Thumb Code    58  i2c1_master.o(i.I2C1_ClearBus)
    I2C1_Probe7                              0x08000615   Thumb Code   140  i2c1_master.o(i.I2C1_Probe7)
    I2C1_ReadReg8                            0x080006b5   Thumb Code   242  i2c1_master.o(i.I2C1_ReadReg8)
    I2C1_ScanBus                             0x080007bd   Thumb Code    30  i2c1_master.o(i.I2C1_ScanBus)
    I2C1_WriteMem                            0x08000809   Thumb Code   174  i2c1_master.o(i.I2C1_WriteMem)
    I2C1_WriteReg8                           0x080008c9   Thumb Code   156  i2c1_master.o(i.I2C1_WriteReg8)
    I2C_AcknowledgeConfig                    0x08000975   Thumb Code    20  stm32f4xx_i2c.o(i.I2C_AcknowledgeConfig)
    I2C_AnalogFilterCmd                      0x08000989   Thumb Code    20  stm32f4xx_i2c.o(i.I2C_AnalogFilterCmd)
    I2C_CheckEvent                           0x0800099d   Thumb Code    24  stm32f4xx_i2c.o(i.I2C_CheckEvent)
    I2C_ClearFlag                            0x080009b5   Thumb Code     6  stm32f4xx_i2c.o(i.I2C_ClearFlag)
    I2C_Cmd                                  0x080009bb   Thumb Code    20  stm32f4xx_i2c.o(i.I2C_Cmd)
    I2C_DeInit                               0x080009d1   Thumb Code    56  stm32f4xx_i2c.o(i.I2C_DeInit)
    I2C_GenerateSTART                        0x08000a15   Thumb Code    20  stm32f4xx_i2c.o(i.I2C_GenerateSTART)
    I2C_GenerateSTOP                         0x08000a29   Thumb Code    20  stm32f4xx_i2c.o(i.I2C_GenerateSTOP)
    I2C_GetFlagStatus                        0x08000a3d   Thumb Code    42  stm32f4xx_i2c.o(i.I2C_GetFlagStatus)
    I2C_Init                                 0x08000a69   Thumb Code   174  stm32f4xx_i2c.o(i.I2C_Init)
    I2C_ReceiveData                          0x08000b21   Thumb Code     6  stm32f4xx_i2c.o(i.I2C_ReceiveData)
    I2C_Send7bitAddress                      0x08000b27   Thumb Code    16  stm32f4xx_i2c.o(i.I2C_Send7bitAddress)
    I2C_SendData                             0x08000b37   Thumb Code     4  stm32f4xx_i2c.o(i.I2C_SendData)
    I2C_SoftwareResetCmd                     0x08000b3b   Thumb Code    20  stm32f4xx_i2c.o(i.I2C_SoftwareResetCmd)
    MemManage_Handler                        0x08000b4f   Thumb Code     2  stm32f4xx_it.o(i.MemManage_Handler)
    NMI_Handler                              0x08000b51   Thumb Code     2  stm32f4xx_it.o(i.NMI_Handler)
    NVIC_Init                                0x08000b55   Thumb Code    96  misc.o(i.NVIC_Init)
    NVIC_PriorityGroupConfig                 0x08000bb9   Thumb Code    10  misc.o(i.NVIC_PriorityGroupConfig)
    Ptz_ApplyHome                            0x08000bcd   Thumb Code    30  ptz_control.o(i.Ptz_ApplyHome)
    Ptz_Init                                 0x08000bf1   Thumb Code    32  ptz_control.o(i.Ptz_Init)
    Ptz_PollKeysAndUart                      0x08000c15   Thumb Code   238  ptz_control.o(i.Ptz_PollKeysAndUart)
    Ptz_StepHorizontal                       0x08000d4d   Thumb Code    26  ptz_control.o(i.Ptz_StepHorizontal)
    Ptz_StepVertical                         0x08000d6d   Thumb Code    26  ptz_control.o(i.Ptz_StepVertical)
    Ptz_UiPost                               0x08000d8d   Thumb Code    22  ptz_control.o(i.Ptz_UiPost)
    RCC_AHB1PeriphClockCmd                   0x08000da9   Thumb Code    18  stm32f4xx_rcc.o(i.RCC_AHB1PeriphClockCmd)
    RCC_APB1PeriphClockCmd                   0x08000dc1   Thumb Code    18  stm32f4xx_rcc.o(i.RCC_APB1PeriphClockCmd)
    RCC_APB1PeriphResetCmd                   0x08000dd9   Thumb Code    18  stm32f4xx_rcc.o(i.RCC_APB1PeriphResetCmd)
    RCC_APB2PeriphClockCmd                   0x08000df1   Thumb Code    18  stm32f4xx_rcc.o(i.RCC_APB2PeriphClockCmd)
    RCC_GetClocksFreq                        0x08000e09   Thumb Code   132  stm32f4xx_rcc.o(i.RCC_GetClocksFreq)
    Servo_Init                               0x08000e99   Thumb Code   256  servo_pwm.o(i.Servo_Init)
    Servo_SetAngleDegCh                      0x080010b5   Thumb Code    28  servo_pwm.o(i.Servo_SetAngleDegCh)
    Servo_SetPulseUsCh                       0x080010d1   Thumb Code   108  servo_pwm.o(i.Servo_SetPulseUsCh)
    SysTick_Handler                          0x08001219   Thumb Code    38  port.o(i.SysTick_Handler)
    SystemCoreClockUpdate                    0x08001245   Thumb Code   106  system_stm32f4xx.o(i.SystemCoreClockUpdate)
    SystemInit                               0x080012bd   Thumb Code    74  system_stm32f4xx.o(i.SystemInit)
    TIM2_IRQHandler                          0x08001319   Thumb Code    30  tim2.o(i.TIM2_IRQHandler)
    TIM3_IRQHandler                          0x08001339   Thumb Code    30  tim3.o(i.TIM3_IRQHandler)
    TIM_ClearITPendingBit                    0x0800135d   Thumb Code     6  stm32f4xx_tim.o(i.TIM_ClearITPendingBit)
    TIM_GetITStatus                          0x08001363   Thumb Code    24  stm32f4xx_tim.o(i.TIM_GetITStatus)
    USART1_IRQHandler                        0x0800137d   Thumb Code   142  usart.o(i.USART1_IRQHandler)
    USART3_IRQHandler                        0x0800141d   Thumb Code   142  usart.o(i.USART3_IRQHandler)
    USART_ClearITPendingBit                  0x080014bd   Thumb Code    12  stm32f4xx_usart.o(i.USART_ClearITPendingBit)
    USART_Cmd                                0x080014c9   Thumb Code    20  stm32f4xx_usart.o(i.USART_Cmd)
    USART_GetFlagStatus                      0x080014dd   Thumb Code    14  stm32f4xx_usart.o(i.USART_GetFlagStatus)
    USART_GetITStatus                        0x080014eb   Thumb Code    62  stm32f4xx_usart.o(i.USART_GetITStatus)
    USART_ITConfig                           0x08001529   Thumb Code    48  stm32f4xx_usart.o(i.USART_ITConfig)
    USART_Init                               0x08001559   Thumb Code   164  stm32f4xx_usart.o(i.USART_Init)
    USART_ReceiveData                        0x08001605   Thumb Code     8  stm32f4xx_usart.o(i.USART_ReceiveData)
    USART_SendData                           0x0800160d   Thumb Code     8  stm32f4xx_usart.o(i.USART_SendData)
    UsageFault_Handler                       0x08001615   Thumb Code     2  stm32f4xx_it.o(i.UsageFault_Handler)
    Usart1_Init                              0x08001619   Thumb Code   168  usart.o(i.Usart1_Init)
    Usart1_SendString                        0x080016c9   Thumb Code    46  usart.o(i.Usart1_SendString)
    Usart3_Init                              0x08001795   Thumb Code   162  usart.o(i.Usart3_Init)
    Usart3_SendString                        0x08001841   Thumb Code    40  usart.o(i.Usart3_SendString)
    __scatterload_copy                       0x0800186d   Thumb Code    14  handlers.o(i.__scatterload_copy)
    __scatterload_null                       0x0800187b   Thumb Code     2  handlers.o(i.__scatterload_null)
    __scatterload_zeroinit                   0x0800187d   Thumb Code    14  handlers.o(i.__scatterload_zeroinit)
    main                                     0x080018a1   Thumb Code   130  main.o(i.main)
    pvPortMalloc                             0x08001f7d   Thumb Code   210  heap_4.o(i.pvPortMalloc)
    pvTaskIncrementMutexHeldCount            0x08002055   Thumb Code    18  tasks.o(i.pvTaskIncrementMutexHeldCount)
    pxPortInitialiseStack                    0x0800206d   Thumb Code    40  port.o(i.pxPortInitialiseStack)
    uxListRemove                             0x08002115   Thumb Code    36  list.o(i.uxListRemove)
    vApplicationTickHook                     0x08002139   Thumb Code     2  main.o(i.vApplicationTickHook)
    vListInitialise                          0x0800213b   Thumb Code    22  list.o(i.vListInitialise)
    vListInitialiseItem                      0x08002151   Thumb Code     6  list.o(i.vListInitialiseItem)
    vListInsert                              0x08002157   Thumb Code    48  list.o(i.vListInsert)
    vListInsertEnd                           0x08002187   Thumb Code    24  list.o(i.vListInsertEnd)
    vPortEnterCritical                       0x080021a1   Thumb Code    54  port.o(i.vPortEnterCritical)
    vPortExitCritical                        0x080021e1   Thumb Code    34  port.o(i.vPortExitCritical)
    vPortFree                                0x08002209   Thumb Code    88  heap_4.o(i.vPortFree)
    vPortSetupTimerInterrupt                 0x08002265   Thumb Code    26  port.o(i.vPortSetupTimerInterrupt)
    vTaskDelay                               0x08002285   Thumb Code    66  tasks.o(i.vTaskDelay)
    vTaskMissedYield                         0x080022d1   Thumb Code     8  tasks.o(i.vTaskMissedYield)
    vTaskPlaceOnEventList                    0x080022dd   Thumb Code    44  tasks.o(i.vTaskPlaceOnEventList)
    vTaskPriorityInherit                     0x0800230d   Thumb Code   124  tasks.o(i.vTaskPriorityInherit)
    vTaskSetTimeOutState                     0x08002391   Thumb Code    30  tasks.o(i.vTaskSetTimeOutState)
    vTaskStartScheduler                      0x080023b5   Thumb Code    86  tasks.o(i.vTaskStartScheduler)
    vTaskSuspendAll                          0x0800241d   Thumb Code    10  tasks.o(i.vTaskSuspendAll)
    vTaskSwitchContext                       0x0800242d   Thumb Code    82  tasks.o(i.vTaskSwitchContext)
    xPortStartScheduler                      0x08002489   Thumb Code   208  port.o(i.xPortStartScheduler)
    xQueueGenericCreate                      0x0800256d   Thumb Code    72  queue.o(i.xQueueGenericCreate)
    xQueueGenericReceive                     0x080025b5   Thumb Code   362  queue.o(i.xQueueGenericReceive)
    xQueueGenericReset                       0x08002725   Thumb Code   132  queue.o(i.xQueueGenericReset)
    xQueueGenericSend                        0x080027ad   Thumb Code   350  queue.o(i.xQueueGenericSend)
    xTaskCheckForTimeOut                     0x08002911   Thumb Code   102  tasks.o(i.xTaskCheckForTimeOut)
    xTaskCreate                              0x0800297d   Thumb Code    86  tasks.o(i.xTaskCreate)
    xTaskGetSchedulerState                   0x080029d5   Thumb Code    22  tasks.o(i.xTaskGetSchedulerState)
    xTaskGetTickCount                        0x080029f1   Thumb Code     6  tasks.o(i.xTaskGetTickCount)
    xTaskIncrementTick                       0x080029fd   Thumb Code   202  tasks.o(i.xTaskIncrementTick)
    xTaskPriorityDisinherit                  0x08002ad1   Thumb Code   144  tasks.o(i.xTaskPriorityDisinherit)
    xTaskRemoveFromEventList                 0x08002b69   Thumb Code   108  tasks.o(i.xTaskRemoveFromEventList)
    xTaskResumeAll                           0x08002bdd   Thumb Code   182  tasks.o(i.xTaskResumeAll)
    Region$$Table$$Base                      0x08002d84   Number         0  anon$$obj.o(Region$$Table)
    Region$$Table$$Limit                     0x08002da4   Number         0  anon$$obj.o(Region$$Table)
    g_flag_usart3                            0x2000001e   Data           1  usart.o(.data)
    g_flag_usart1                            0x2000001f   Data           1  usart.o(.data)
    SystemCoreClock                          0x20000038   Data           4  system_stm32f4xx.o(.data)
    AHBPrescTable                            0x2000003c   Data          16  system_stm32f4xx.o(.data)
    pxCurrentTCB                             0x2000004c   Data           4  tasks.o(.data)
    g_rx_buffer_usart3                       0x200004ac   Data         512  usart.o(.bss)
    g_rx_buffer_usart1                       0x200008ac   Data         512  usart.o(.bss)
    __initial_sp                             0x20008f78   Data           0  startup_stm32f40_41xxx.o(STACK)



==============================================================================

Memory Map of the image

  Image Entry point : 0x08000189

  Load Region LR_IROM1 (Base: 0x08000000, Size: 0x00002e50, Max: 0x00080000, ABSOLUTE)

    Execution Region ER_IROM1 (Exec base: 0x08000000, Load base: 0x08000000, Size: 0x00002da4, Max: 0x00080000, ABSOLUTE)

    Exec Addr    Load Addr    Size         Type   Attr      Idx    E Section Name        Object

    0x08000000   0x08000000   0x00000188   Data   RO         5355    RESET               startup_stm32f40_41xxx.o
    0x08000188   0x08000188   0x00000000   Code   RO         6122  * .ARM.Collect$$$$00000000  mc_w.l(entry.o)
    0x08000188   0x08000188   0x00000004   Code   RO         6131    .ARM.Collect$$$$00000001  mc_w.l(entry2.o)
    0x0800018c   0x0800018c   0x00000004   Code   RO         6134    .ARM.Collect$$$$00000004  mc_w.l(entry5.o)
    0x08000190   0x08000190   0x00000000   Code   RO         6136    .ARM.Collect$$$$00000008  mc_w.l(entry7b.o)
    0x08000190   0x08000190   0x00000000   Code   RO         6138    .ARM.Collect$$$$0000000A  mc_w.l(entry8b.o)
    0x08000190   0x08000190   0x00000008   Code   RO         6139    .ARM.Collect$$$$0000000B  mc_w.l(entry9a.o)
    0x08000198   0x08000198   0x00000000   Code   RO         6141    .ARM.Collect$$$$0000000D  mc_w.l(entry10a.o)
    0x08000198   0x08000198   0x00000000   Code   RO         6143    .ARM.Collect$$$$0000000F  mc_w.l(entry11a.o)
    0x08000198   0x08000198   0x00000004   Code   RO         6132    .ARM.Collect$$$$00002712  mc_w.l(entry2.o)
    0x0800019c   0x0800019c   0x000000b6   Code   RO         6045    .emb_text           port.o
    0x08000252   0x08000252   0x00000002   PAD
    0x08000254   0x08000254   0x00000024   Code   RO         5356    .text               startup_stm32f40_41xxx.o
    0x08000278   0x08000278   0x00000024   Code   RO         6125    .text               mc_w.l(memcpya.o)
    0x0800029c   0x0800029c   0x00000024   Code   RO         6127    .text               mc_w.l(memseta.o)
    0x080002c0   0x080002c0   0x00000024   Code   RO         6145    .text               mc_w.l(init.o)
    0x080002e4   0x080002e4   0x00000054   Code   RO          322    i.BoardKeys_Init    board_keys.o
    0x08000338   0x08000338   0x000000f0   Code   RO          323    i.BoardKeys_Poll1ms  board_keys.o
    0x08000428   0x08000428   0x00000002   Code   RO         5362    i.BusFault_Handler  stm32f4xx_it.o
    0x0800042a   0x0800042a   0x00000002   Code   RO         5363    i.DebugMon_Handler  stm32f4xx_it.o
    0x0800042c   0x0800042c   0x00000028   Code   RO          287    i.Delay_Init        delay.o
    0x08000454   0x08000454   0x00000016   Code   RO          288    i.Delay_ms          delay.o
    0x0800046a   0x0800046a   0x00000012   Code   RO          289    i.Delay_us          delay.o
    0x0800047c   0x0800047c   0x00000078   Code   RO         2300    i.GPIO_Init         stm32f4xx_gpio.o
    0x080004f4   0x080004f4   0x00000020   Code   RO         2301    i.GPIO_PinAFConfig  stm32f4xx_gpio.o
    0x08000514   0x08000514   0x0000000e   Code   RO         2304    i.GPIO_ReadInputDataBit  stm32f4xx_gpio.o
    0x08000522   0x08000522   0x00000002   Code   RO         5364    i.HardFault_Handler  stm32f4xx_it.o
    0x08000524   0x08000524   0x000000ac   Code   RO          608    i.I2C1_Board_Init   i2c1_master.o
    0x080005d0   0x080005d0   0x00000044   Code   RO          609    i.I2C1_ClearBus     i2c1_master.o
    0x08000614   0x08000614   0x000000a0   Code   RO          610    i.I2C1_Probe7       i2c1_master.o
    0x080006b4   0x080006b4   0x00000108   Code   RO          611    i.I2C1_ReadReg8     i2c1_master.o
    0x080007bc   0x080007bc   0x0000001e   Code   RO          612    i.I2C1_ScanBus      i2c1_master.o
    0x080007da   0x080007da   0x00000002   PAD
    0x080007dc   0x080007dc   0x0000002c   Code   RO          613    i.I2C1_WaitEvent    i2c1_master.o
    0x08000808   0x08000808   0x000000c0   Code   RO          614    i.I2C1_WriteMem     i2c1_master.o
    0x080008c8   0x080008c8   0x000000ac   Code   RO          615    i.I2C1_WriteReg8    i2c1_master.o
    0x08000974   0x08000974   0x00000014   Code   RO         2578    i.I2C_AcknowledgeConfig  stm32f4xx_i2c.o
    0x08000988   0x08000988   0x00000014   Code   RO         2579    i.I2C_AnalogFilterCmd  stm32f4xx_i2c.o
    0x0800099c   0x0800099c   0x00000018   Code   RO         2581    i.I2C_CheckEvent    stm32f4xx_i2c.o
    0x080009b4   0x080009b4   0x00000006   Code   RO         2582    i.I2C_ClearFlag     stm32f4xx_i2c.o
    0x080009ba   0x080009ba   0x00000014   Code   RO         2584    i.I2C_Cmd           stm32f4xx_i2c.o
    0x080009ce   0x080009ce   0x00000002   PAD
    0x080009d0   0x080009d0   0x00000044   Code   RO         2587    i.I2C_DeInit        stm32f4xx_i2c.o
    0x08000a14   0x08000a14   0x00000014   Code   RO         2592    i.I2C_GenerateSTART  stm32f4xx_i2c.o
    0x08000a28   0x08000a28   0x00000014   Code   RO         2593    i.I2C_GenerateSTOP  stm32f4xx_i2c.o
    0x08000a3c   0x08000a3c   0x0000002a   Code   RO         2594    i.I2C_GetFlagStatus  stm32f4xx_i2c.o
    0x08000a66   0x08000a66   0x00000002   PAD
    0x08000a68   0x08000a68   0x000000b8   Code   RO         2599    i.I2C_Init          stm32f4xx_i2c.o
    0x08000b20   0x08000b20   0x00000006   Code   RO         2604    i.I2C_ReceiveData   stm32f4xx_i2c.o
    0x08000b26   0x08000b26   0x00000010   Code   RO         2606    i.I2C_Send7bitAddress  stm32f4xx_i2c.o
    0x08000b36   0x08000b36   0x00000004   Code   RO         2607    i.I2C_SendData      stm32f4xx_i2c.o
    0x08000b3a   0x08000b3a   0x00000014   Code   RO         2608    i.I2C_SoftwareResetCmd  stm32f4xx_i2c.o
    0x08000b4e   0x08000b4e   0x00000002   Code   RO         5365    i.MemManage_Handler  stm32f4xx_it.o
    0x08000b50   0x08000b50   0x00000002   Code   RO         5366    i.NMI_Handler       stm32f4xx_it.o
    0x08000b52   0x08000b52   0x00000002   PAD
    0x08000b54   0x08000b54   0x00000064   Code   RO          675    i.NVIC_Init         misc.o
    0x08000bb8   0x08000bb8   0x00000014   Code   RO          676    i.NVIC_PriorityGroupConfig  misc.o
    0x08000bcc   0x08000bcc   0x00000024   Code   RO          198    i.Ptz_ApplyHome     ptz_control.o
    0x08000bf0   0x08000bf0   0x00000024   Code   RO          199    i.Ptz_Init          ptz_control.o
    0x08000c14   0x08000c14   0x00000138   Code   RO          200    i.Ptz_PollKeysAndUart  ptz_control.o
    0x08000d4c   0x08000d4c   0x00000020   Code   RO          201    i.Ptz_StepHorizontal  ptz_control.o
    0x08000d6c   0x08000d6c   0x00000020   Code   RO          202    i.Ptz_StepVertical  ptz_control.o
    0x08000d8c   0x08000d8c   0x0000001c   Code   RO          204    i.Ptz_UiPost        ptz_control.o
    0x08000da8   0x08000da8   0x00000018   Code   RO         3179    i.RCC_AHB1PeriphClockCmd  stm32f4xx_rcc.o
    0x08000dc0   0x08000dc0   0x00000018   Code   RO         3188    i.RCC_APB1PeriphClockCmd  stm32f4xx_rcc.o
    0x08000dd8   0x08000dd8   0x00000018   Code   RO         3190    i.RCC_APB1PeriphResetCmd  stm32f4xx_rcc.o
    0x08000df0   0x08000df0   0x00000018   Code   RO         3191    i.RCC_APB2PeriphClockCmd  stm32f4xx_rcc.o
    0x08000e08   0x08000e08   0x00000090   Code   RO         3200    i.RCC_GetClocksFreq  stm32f4xx_rcc.o
    0x08000e98   0x08000e98   0x0000021c   Code   RO          357    i.Servo_Init        servo_pwm.o
    0x080010b4   0x080010b4   0x0000001c   Code   RO          359    i.Servo_SetAngleDegCh  servo_pwm.o
    0x080010d0   0x080010d0   0x00000094   Code   RO          361    i.Servo_SetPulseUsCh  servo_pwm.o
    0x08001164   0x08001164   0x000000b4   Code   RO         5441    i.SetSysClock       system_stm32f4xx.o
    0x08001218   0x08001218   0x0000002c   Code   RO         6046    i.SysTick_Handler   port.o
    0x08001244   0x08001244   0x00000078   Code   RO         5442    i.SystemCoreClockUpdate  system_stm32f4xx.o
    0x080012bc   0x080012bc   0x0000005c   Code   RO         5443    i.SystemInit        system_stm32f4xx.o
    0x08001318   0x08001318   0x0000001e   Code   RO          459    i.TIM2_IRQHandler   tim2.o
    0x08001336   0x08001336   0x00000002   PAD
    0x08001338   0x08001338   0x00000024   Code   RO          430    i.TIM3_IRQHandler   tim3.o
    0x0800135c   0x0800135c   0x00000006   Code   RO         4537    i.TIM_ClearITPendingBit  stm32f4xx_tim.o
    0x08001362   0x08001362   0x00000018   Code   RO         4563    i.TIM_GetITStatus   stm32f4xx_tim.o
    0x0800137a   0x0800137a   0x00000002   PAD
    0x0800137c   0x0800137c   0x000000a0   Code   RO          540    i.USART1_IRQHandler  usart.o
    0x0800141c   0x0800141c   0x000000a0   Code   RO          541    i.USART3_IRQHandler  usart.o
    0x080014bc   0x080014bc   0x0000000c   Code   RO         5079    i.USART_ClearITPendingBit  stm32f4xx_usart.o
    0x080014c8   0x080014c8   0x00000014   Code   RO         5082    i.USART_Cmd         stm32f4xx_usart.o
    0x080014dc   0x080014dc   0x0000000e   Code   RO         5085    i.USART_GetFlagStatus  stm32f4xx_usart.o
    0x080014ea   0x080014ea   0x0000003e   Code   RO         5086    i.USART_GetITStatus  stm32f4xx_usart.o
    0x08001528   0x08001528   0x00000030   Code   RO         5088    i.USART_ITConfig    stm32f4xx_usart.o
    0x08001558   0x08001558   0x000000ac   Code   RO         5089    i.USART_Init        stm32f4xx_usart.o
    0x08001604   0x08001604   0x00000008   Code   RO         5096    i.USART_ReceiveData  stm32f4xx_usart.o
    0x0800160c   0x0800160c   0x00000008   Code   RO         5099    i.USART_SendData    stm32f4xx_usart.o
    0x08001614   0x08001614   0x00000002   Code   RO         5367    i.UsageFault_Handler  stm32f4xx_it.o
    0x08001616   0x08001616   0x00000002   PAD
    0x08001618   0x08001618   0x000000b0   Code   RO          542    i.Usart1_Init       usart.o
    0x080016c8   0x080016c8   0x0000003c   Code   RO          543    i.Usart1_SendString  usart.o
    0x08001704   0x08001704   0x00000090   Code   RO          544    i.Usart2_InitMirror  usart.o
    0x08001794   0x08001794   0x000000ac   Code   RO          545    i.Usart3_Init       usart.o
    0x08001840   0x08001840   0x0000002c   Code   RO          546    i.Usart3_SendString  usart.o
    0x0800186c   0x0800186c   0x0000000e   Code   RO         6149    i.__scatterload_copy  mc_w.l(handlers.o)
    0x0800187a   0x0800187a   0x00000002   Code   RO         6150    i.__scatterload_null  mc_w.l(handlers.o)
    0x0800187c   0x0800187c   0x0000000e   Code   RO         6151    i.__scatterload_zeroinit  mc_w.l(handlers.o)
    0x0800188a   0x0800188a   0x00000014   Code   RO          206    i.apply_deg_step    ptz_control.o
    0x0800189e   0x0800189e   0x00000002   PAD
    0x080018a0   0x080018a0   0x00000114   Code   RO            3    i.main              main.o
    0x080019b4   0x080019b4   0x00000120   Code   RO          207    i.process_usart1_ptz  ptz_control.o
    0x08001ad4   0x08001ad4   0x00000070   Code   RO         5477    i.prvAddCurrentTaskToDelayedList  tasks.o
    0x08001b44   0x08001b44   0x000000d0   Code   RO         5478    i.prvAddNewTaskToReadyList  tasks.o
    0x08001c14   0x08001c14   0x00000054   Code   RO         5479    i.prvCheckTasksWaitingTermination  tasks.o
    0x08001c68   0x08001c68   0x00000026   Code   RO         5794    i.prvCopyDataFromQueue  queue.o
    0x08001c8e   0x08001c8e   0x0000006c   Code   RO         5795    i.prvCopyDataToQueue  queue.o
    0x08001cfa   0x08001cfa   0x00000014   Code   RO         5480    i.prvDeleteTCB      tasks.o
    0x08001d0e   0x08001d0e   0x00000002   PAD
    0x08001d10   0x08001d10   0x0000004c   Code   RO         5984    i.prvHeapInit       heap_4.o
    0x08001d5c   0x08001d5c   0x00000028   Code   RO         5481    i.prvIdleTask       tasks.o
    0x08001d84   0x08001d84   0x0000008e   Code   RO         5482    i.prvInitialiseNewTask  tasks.o
    0x08001e12   0x08001e12   0x00000002   PAD
    0x08001e14   0x08001e14   0x0000004c   Code   RO         5985    i.prvInsertBlockIntoFreeList  heap_4.o
    0x08001e60   0x08001e60   0x0000001a   Code   RO         5796    i.prvIsQueueEmpty   queue.o
    0x08001e7a   0x08001e7a   0x00000002   PAD
    0x08001e7c   0x08001e7c   0x00000020   Code   RO         5483    i.prvResetNextTaskUnblockTime  tasks.o
    0x08001e9c   0x08001e9c   0x00000028   Code   RO         6047    i.prvTaskExitError  port.o
    0x08001ec4   0x08001ec4   0x0000006a   Code   RO         5797    i.prvUnlockQueue    queue.o
    0x08001f2e   0x08001f2e   0x00000002   PAD
    0x08001f30   0x08001f30   0x0000004c   Code   RO          208    i.ptz_uiq_drain     ptz_control.o
    0x08001f7c   0x08001f7c   0x000000d8   Code   RO         5986    i.pvPortMalloc      heap_4.o
    0x08002054   0x08002054   0x00000018   Code   RO         5485    i.pvTaskIncrementMutexHeldCount  tasks.o
    0x0800206c   0x0800206c   0x0000002c   Code   RO         6048    i.pxPortInitialiseStack  port.o
    0x08002098   0x08002098   0x00000018   Code   RO          362    i.scan_hit          servo_pwm.o
    0x080020b0   0x080020b0   0x0000000c   Code   RO            4    i.task_ptz          main.o
    0x080020bc   0x080020bc   0x0000002c   Code   RO          363    i.usart1_hex8       servo_pwm.o
    0x080020e8   0x080020e8   0x0000002c   Code   RO          547    i.usart_send_byte   usart.o
    0x08002114   0x08002114   0x00000024   Code   RO         5948    i.uxListRemove      list.o
    0x08002138   0x08002138   0x00000002   Code   RO            5    i.vApplicationTickHook  main.o
    0x0800213a   0x0800213a   0x00000016   Code   RO         5949    i.vListInitialise   list.o
    0x08002150   0x08002150   0x00000006   Code   RO         5950    i.vListInitialiseItem  list.o
    0x08002156   0x08002156   0x00000030   Code   RO         5951    i.vListInsert       list.o
    0x08002186   0x08002186   0x00000018   Code   RO         5952    i.vListInsertEnd    list.o
    0x0800219e   0x0800219e   0x00000002   PAD
    0x080021a0   0x080021a0   0x00000040   Code   RO         6050    i.vPortEnterCritical  port.o
    0x080021e0   0x080021e0   0x00000028   Code   RO         6051    i.vPortExitCritical  port.o
    0x08002208   0x08002208   0x0000005c   Code   RO         5987    i.vPortFree         heap_4.o
    0x08002264   0x08002264   0x00000020   Code   RO         6052    i.vPortSetupTimerInterrupt  port.o
    0x08002284   0x08002284   0x0000004c   Code   RO         5491    i.vTaskDelay        tasks.o
    0x080022d0   0x080022d0   0x0000000c   Code   RO         5495    i.vTaskMissedYield  tasks.o
    0x080022dc   0x080022dc   0x00000030   Code   RO         5497    i.vTaskPlaceOnEventList  tasks.o
    0x0800230c   0x0800230c   0x00000084   Code   RO         5499    i.vTaskPriorityInherit  tasks.o
    0x08002390   0x08002390   0x00000024   Code   RO         5502    i.vTaskSetTimeOutState  tasks.o
    0x080023b4   0x080023b4   0x00000068   Code   RO         5503    i.vTaskStartScheduler  tasks.o
    0x0800241c   0x0800241c   0x00000010   Code   RO         5505    i.vTaskSuspendAll   tasks.o
    0x0800242c   0x0800242c   0x0000005c   Code   RO         5506    i.vTaskSwitchContext  tasks.o
    0x08002488   0x08002488   0x000000e4   Code   RO         6054    i.xPortStartScheduler  port.o
    0x0800256c   0x0800256c   0x00000048   Code   RO         5806    i.xQueueGenericCreate  queue.o
    0x080025b4   0x080025b4   0x00000170   Code   RO         5807    i.xQueueGenericReceive  queue.o
    0x08002724   0x08002724   0x00000088   Code   RO         5808    i.xQueueGenericReset  queue.o
    0x080027ac   0x080027ac   0x00000164   Code   RO         5809    i.xQueueGenericSend  queue.o
    0x08002910   0x08002910   0x0000006c   Code   RO         5507    i.xTaskCheckForTimeOut  tasks.o
    0x0800297c   0x0800297c   0x00000056   Code   RO         5508    i.xTaskCreate       tasks.o
    0x080029d2   0x080029d2   0x00000002   PAD
    0x080029d4   0x080029d4   0x0000001c   Code   RO         5512    i.xTaskGetSchedulerState  tasks.o
    0x080029f0   0x080029f0   0x0000000c   Code   RO         5513    i.xTaskGetTickCount  tasks.o
    0x080029fc   0x080029fc   0x000000d4   Code   RO         5515    i.xTaskIncrementTick  tasks.o
    0x08002ad0   0x08002ad0   0x00000098   Code   RO         5518    i.xTaskPriorityDisinherit  tasks.o
    0x08002b68   0x08002b68   0x00000074   Code   RO         5519    i.xTaskRemoveFromEventList  tasks.o
    0x08002bdc   0x08002bdc   0x000000c4   Code   RO         5521    i.xTaskResumeAll    tasks.o
    0x08002ca0   0x08002ca0   0x00000011   Data   RO          364    .constdata          servo_pwm.o
    0x08002cb1   0x08002cb1   0x00000003   PAD
    0x08002cb4   0x08002cb4   0x000000d0   Data   RO          365    .conststring        servo_pwm.o
    0x08002d84   0x08002d84   0x00000020   Data   RO         6147    Region$$Table       anon$$obj.o


    Execution Region RW_IRAM2 (Exec base: 0x10000000, Load base: 0x08002e50, Size: 0x00000000, Max: 0x00010000, ABSOLUTE)

    **** No section assigned to this execution region ****


    Execution Region RW_IRAM1 (Exec base: 0x20000000, Load base: 0x08002da4, Size: 0x00008f78, Max: 0x00020000, ABSOLUTE)

    Exec Addr    Load Addr    Size         Type   Attr      Idx    E Section Name        Object

    0x20000000   0x08002da4   0x00000004   Data   RW            6    .data               main.o
    0x20000004   0x08002da8   0x00000010   Data   RW          210    .data               ptz_control.o
    0x20000014   0x08002db8   0x00000009   Data   RW          324    .data               board_keys.o
    0x2000001d   0x08002dc1   0x00000001   Data   RW          366    .data               servo_pwm.o
    0x2000001e   0x08002dc2   0x00000008   Data   RW          550    .data               usart.o
    0x20000026   0x08002dca   0x00000010   Data   RW         3232    .data               stm32f4xx_rcc.o
    0x20000036   0x08002dda   0x00000002   PAD
    0x20000038   0x08002ddc   0x00000014   Data   RW         5444    .data               system_stm32f4xx.o
    0x2000004c   0x08002df0   0x0000003c   Data   RW         5524    .data               tasks.o
    0x20000088   0x08002e2c   0x00000018   Data   RW         5992    .data               heap_4.o
    0x200000a0   0x08002e44   0x0000000c   Data   RW         6055    .data               port.o
    0x200000ac        -       0x00000200   Zero   RW          209    .bss                ptz_control.o
    0x200002ac        -       0x00000800   Zero   RW          548    .bss                usart.o
    0x20000aac        -       0x000000c8   Zero   RW         5523    .bss                tasks.o
    0x20000b74        -       0x00008000   Zero   RW         5991    .bss                heap_4.o
    0x20008b74   0x08002e50   0x00000004   PAD
    0x20008b78        -       0x00000400   Zero   RW         5353    STACK               startup_stm32f40_41xxx.o


==============================================================================

Image component sizes


      Code (inc. data)   RO Data    RW Data    ZI Data      Debug   Object Name

       324         22          0          9          0       1637   board_keys.o
        80          8          0          0          0       1799   delay.o
       460         24          0         24      32768       6863   heap_4.o
      1102        100          0          0          0       6456   i2c1_master.o
       136          0          0          0          0       3070   list.o
       290        146          0          4          0     281094   main.o
       120         14          0          0          0       3123   misc.o
       674         72          0         12          0      10280   port.o
       860        180          0         16        512       8910   ptz_control.o
      1210         16          0          0          0       9878   queue.o
       784        334        225          1          0       4144   servo_pwm.o
        36          8        392          0       1024        804   startup_stm32f40_41xxx.o
       166          0          0          0          0       9271   stm32f4xx_gpio.o
       470         22          0          0          0      16554   stm32f4xx_i2c.o
        12          0          0          0          0       2601   stm32f4xx_it.o
       240         36          0         16          0      20348   stm32f4xx_rcc.o
        30          0          0          0          0      22465   stm32f4xx_tim.o
       344          8          0          0          0      11879   stm32f4xx_usart.o
       392         50          0         20          0       2533   system_stm32f4xx.o
      2088        180          0         60        200      29641   tasks.o
        30          0          0          0          0        498   tim2.o
        36          6          0          0          0        498   tim3.o
       960         88          0          8       2048       6231   usart.o

    ----------------------------------------------------------------------
     10874       1314        652        172      36556     460577   Object Totals
         0          0         32          0          0          0   (incl. Generated)
        30          0          3          2          4          0   (incl. Padding)

    ----------------------------------------------------------------------

      Code (inc. data)   RO Data    RW Data    ZI Data      Debug   Library Member Name

         0          0          0          0          0          0   entry.o
         0          0          0          0          0          0   entry10a.o
         0          0          0          0          0          0   entry11a.o
         8          4          0          0          0          0   entry2.o
         4          0          0          0          0          0   entry5.o
         0          0          0          0          0          0   entry7b.o
         0          0          0          0          0          0   entry8b.o
         8          4          0          0          0          0   entry9a.o
        30          0          0          0          0          0   handlers.o
        36          8          0          0          0         68   init.o
        36          0          0          0          0         68   memcpya.o
        36          0          0          0          0        108   memseta.o

    ----------------------------------------------------------------------
       158         16          0          0          0        244   Library Totals
         0          0          0          0          0          0   (incl. Padding)

    ----------------------------------------------------------------------

      Code (inc. data)   RO Data    RW Data    ZI Data      Debug   Library Name

       158         16          0          0          0        244   mc_w.l

    ----------------------------------------------------------------------
       158         16          0          0          0        244   Library Totals

    ----------------------------------------------------------------------

==============================================================================


      Code (inc. data)   RO Data    RW Data    ZI Data      Debug   

     11032       1330        652        172      36556     448473   Grand Totals
     11032       1330        652        172      36556     448473   ELF Image Totals
     11032       1330        652        172          0          0   ROM Totals

==============================================================================

    Total RO  Size (Code + RO Data)                11684 (  11.41kB)
    Total RW  Size (RW Data + ZI Data)             36728 (  35.87kB)
    Total ROM Size (Code + RO Data + RW Data)      11856 (  11.58kB)

==============================================================================

